21:56:58.569 [main] DEBUG org.springframework.test.context.BootstrapUtils - Instantiating CacheAwareContextLoaderDelegate from class [org.springframework.test.context.cache.DefaultCacheAwareContextLoaderDelegate]
21:56:58.583 [main] DEBUG org.springframework.test.context.BootstrapUtils - Instantiating BootstrapContext using constructor [public org.springframework.test.context.support.DefaultBootstrapContext(java.lang.Class,org.springframework.test.context.CacheAwareContextLoaderDelegate)]
21:56:58.629 [main] DEBUG org.springframework.test.context.BootstrapUtils - Instantiating TestContextBootstrapper for test class [com.powergateway.M12FieldMappingTest] from class [org.springframework.boot.test.context.SpringBootTestContextBootstrapper]
21:56:58.640 [main] INFO org.springframework.boot.test.context.SpringBootTestContextBootstrapper - Neither @ContextConfiguration nor @ContextHierarchy found for test class [com.powergateway.M12FieldMappingTest], using SpringBootContextLoader
21:56:58.645 [main] DEBUG org.springframework.test.context.support.AbstractContextLoader - Did not detect default resource location for test class [com.powergateway.M12FieldMappingTest]: class path resource [com/powergateway/M12FieldMappingTest-context.xml] does not exist
21:56:58.645 [main] DEBUG org.springframework.test.context.support.AbstractContextLoader - Did not detect default resource location for test class [com.powergateway.M12FieldMappingTest]: class path resource [com/powergateway/M12FieldMappingTestContext.groovy] does not exist
21:56:58.645 [main] INFO org.springframework.test.context.support.AbstractContextLoader - Could not detect default resource locations for test class [com.powergateway.M12FieldMappingTest]: no resource found for suffixes {-context.xml, Context.groovy}.
21:56:58.646 [main] INFO org.springframework.test.context.support.AnnotationConfigContextLoaderUtils - Could not detect default configuration classes for test class [com.powergateway.M12FieldMappingTest]: M12FieldMappingTest does not declare any static, non-private, non-final, nested classes annotated with @Configuration.
21:56:58.802 [main] DEBUG org.springframework.context.annotation.ClassPathScanningCandidateComponentProvider - Identified candidate component class: file [D:\Project\powergateway\backend\target\classes\com\powergateway\PowergatewayApplication.class]
21:56:58.803 [main] INFO org.springframework.boot.test.context.SpringBootTestContextBootstrapper - Found @SpringBootConfiguration com.powergateway.PowergatewayApplication for test class com.powergateway.M12FieldMappingTest
21:56:58.892 [main] DEBUG org.springframework.boot.test.context.SpringBootTestContextBootstrapper - @TestExecutionListeners is not present for class [com.powergateway.M12FieldMappingTest]: using defaults.
21:56:58.892 [main] INFO org.springframework.boot.test.context.SpringBootTestContextBootstrapper - Loaded default TestExecutionListener class names from location [META-INF/spring.factories]: [org.springframework.boot.test.mock.mockito.MockitoTestExecutionListener, org.springframework.boot.test.mock.mockito.ResetMocksTestExecutionListener, org.springframework.boot.test.autoconfigure.restdocs.RestDocsTestExecutionListener, org.springframework.boot.test.autoconfigure.web.client.MockRestServiceServerResetTestExecutionListener, org.springframework.boot.test.autoconfigure.web.servlet.MockMvcPrintOnlyOnFailureTestExecutionListener, org.springframework.boot.test.autoconfigure.web.servlet.WebDriverTestExecutionListener, org.springframework.boot.test.autoconfigure.webservices.client.MockWebServiceServerTestExecutionListener, org.springframework.test.context.web.ServletTestExecutionListener, org.springframework.test.context.support.DirtiesContextBeforeModesTestExecutionListener, org.springframework.test.context.event.ApplicationEventsTestExecutionListener, org.springframework.test.context.support.DependencyInjectionTestExecutionListener, org.springframework.test.context.support.DirtiesContextTestExecutionListener, org.springframework.test.context.transaction.TransactionalTestExecutionListener, org.springframework.test.context.jdbc.SqlScriptsTestExecutionListener, org.springframework.test.context.event.EventPublishingTestExecutionListener]
21:56:58.911 [main] INFO org.springframework.boot.test.context.SpringBootTestContextBootstrapper - Using TestExecutionListeners: [org.springframework.test.context.web.ServletTestExecutionListener@7f0d96f2, org.springframework.test.context.support.DirtiesContextBeforeModesTestExecutionListener@545b995e, org.springframework.test.context.event.ApplicationEventsTestExecutionListener@76a2ddf3, org.springframework.boot.test.mock.mockito.MockitoTestExecutionListener@524f3b3a, org.springframework.boot.test.autoconfigure.SpringBootDependencyInjectionTestExecutionListener@41e68d87, org.springframework.test.context.support.DirtiesContextTestExecutionListener@49ff7d8c, org.springframework.test.context.transaction.TransactionalTestExecutionListener@29526c05, org.springframework.test.context.jdbc.SqlScriptsTestExecutionListener@2ef14fe, org.springframework.test.context.event.EventPublishingTestExecutionListener@77102b91, org.springframework.boot.test.mock.mockito.ResetMocksTestExecutionListener@45312be2, org.springframework.boot.test.autoconfigure.restdocs.RestDocsTestExecutionListener@7fb95505, org.springframework.boot.test.autoconfigure.web.client.MockRestServiceServerResetTestExecutionListener@58be6e8, org.springframework.boot.test.autoconfigure.web.servlet.MockMvcPrintOnlyOnFailureTestExecutionListener@7331196b, org.springframework.boot.test.autoconfigure.web.servlet.WebDriverTestExecutionListener@3f9342d4, org.springframework.boot.test.autoconfigure.webservices.client.MockWebServiceServerTestExecutionListener@ab7395e]
21:56:58.916 [main] DEBUG org.springframework.test.context.support.AbstractDirtiesContextTestExecutionListener - Before test class: context [DefaultTestContext@7a1234bf testClass = M12FieldMappingTest, testInstance = [null], testMethod = [null], testException = [null], mergedContextConfiguration = [WebMergedContextConfiguration@2f62ea70 testClass = M12FieldMappingTest, locations = '{}', classes = '{class com.powergateway.PowergatewayApplication}', contextInitializerClasses = '[]', activeProfiles = '{test}', propertySourceLocations = '{}', propertySourceProperties = '{org.springframework.boot.test.context.SpringBootTestContextBootstrapper=true}', contextCustomizers = set[[ImportsContextCustomizer@24ba9639 key = [org.springframework.boot.test.autoconfigure.web.servlet.MockMvcWebDriverAutoConfiguration, org.springframework.boot.test.autoconfigure.web.servlet.MockMvcAutoConfiguration, org.springframework.boot.autoconfigure.security.oauth2.client.servlet.OAuth2ClientAutoConfiguration, org.springframework.boot.autoconfigure.security.servlet.SecurityAutoConfiguration, org.springframework.boot.autoconfigure.security.servlet.SecurityFilterAutoConfiguration, org.springframework.boot.autoconfigure.security.servlet.UserDetailsServiceAutoConfiguration, org.springframework.boot.autoconfigure.security.oauth2.resource.servlet.OAuth2ResourceServerAutoConfiguration, org.springframework.boot.test.autoconfigure.web.servlet.MockMvcSecurityConfiguration, org.springframework.boot.test.autoconfigure.web.servlet.MockMvcWebClientAutoConfiguration, org.springframework.boot.test.autoconfigure.web.reactive.WebTestClientAutoConfiguration]], org.springframework.boot.test.context.filter.ExcludeFilterContextCustomizer@303cf2ba, org.springframework.boot.test.json.DuplicateJsonObjectContextCustomizerFactory$DuplicateJsonObjectContextCustomizer@2b30a42c, org.springframework.boot.test.mock.mockito.MockitoContextCustomizer@0, org.springframework.boot.test.web.client.TestRestTemplateContextCustomizer@4d0d9fe7, org.springframework.boot.test.autoconfigure.actuate.metrics.MetricsExportContextCustomizerFactory$DisableMetricExportContextCustomizer@5a59ca5e, org.springframework.boot.test.autoconfigure.properties.PropertyMappingContextCustomizer@4b3fa0b3, org.springframework.boot.test.autoconfigure.web.servlet.WebDriverContextCustomizerFactory$Customizer@740fb309, org.springframework.boot.test.context.SpringBootTestArgs@1, org.springframework.boot.test.context.SpringBootTestWebEnvironment@45820e51], resourceBasePath = 'src/main/webapp', contextLoader = 'org.springframework.boot.test.context.SpringBootContextLoader', parent = [null]], attributes = map['org.springframework.test.context.web.ServletTestExecutionListener.activateListener' -> true]], class annotated with @DirtiesContext [false] with mode [null].

  .   ____          _            __ _ _
 /\\ / ___'_ __ _ _(_)_ __  __ _ \ \ \ \
( ( )\___ | '_ | '_| | '_ \/ _` | \ \ \ \
 \\/  ___)| |_)| | | | | || (_| |  ) ) ) )
  '  |____| .__|_| |_|_| |_\__, | / / / /
 =========|_|==============|___/=/_/_/_/
 :: Spring Boot ::               (v2.7.18)

2026-05-05 21:56:59.320  INFO 19588 --- [           main] com.powergateway.M12FieldMappingTest     : Starting M12FieldMappingTest using Java 1.8.0_311 on LAPTOP-5CF11N0F with PID 19588 (started by 69218 in D:\Project\powergateway\backend)
2026-05-05 21:56:59.321  INFO 19588 --- [           main] com.powergateway.M12FieldMappingTest     : The following 1 profile is active: "test"
2026-05-05 21:57:00.992  INFO 19588 --- [           main] trationDelegate$BeanPostProcessorChecker : Bean 'spring.datasource.dynamic-com.baomidou.dynamic.datasource.spring.boot.autoconfigure.DynamicDataSourceProperties' of type [com.baomidou.dynamic.datasource.spring.boot.autoconfigure.DynamicDataSourceProperties] is not eligible for getting processed by all BeanPostProcessors (for example: not eligible for auto-proxying)
2026-05-05 21:57:00.998  INFO 19588 --- [           main] trationDelegate$BeanPostProcessorChecker : Bean 'com.baomidou.dynamic.datasource.spring.boot.autoconfigure.DynamicDataSourceAutoConfiguration' of type [com.baomidou.dynamic.datasource.spring.boot.autoconfigure.DynamicDataSourceAutoConfiguration$$EnhancerBySpringCGLIB$$df2e80a4] is not eligible for getting processed by all BeanPostProcessors (for example: not eligible for auto-proxying)
2026-05-05 21:57:01.025  INFO 19588 --- [           main] trationDelegate$BeanPostProcessorChecker : Bean 'dsProcessor' of type [com.baomidou.dynamic.datasource.processor.DsHeaderProcessor] is not eligible for getting processed by all BeanPostProcessors (for example: not eligible for auto-proxying)
2026-05-05 21:57:01.219  INFO 19588 --- [           main] com.zaxxer.hikari.HikariDataSource       : master - Starting...
2026-05-05 21:57:01.480  INFO 19588 --- [           main] com.zaxxer.hikari.HikariDataSource       : master - Start completed.
2026-05-05 21:57:01.483  INFO 19588 --- [           main] com.zaxxer.hikari.HikariDataSource       : audit - Starting...
2026-05-05 21:57:01.484  INFO 19588 --- [           main] com.zaxxer.hikari.HikariDataSource       : audit - Start completed.
2026-05-05 21:57:01.484  INFO 19588 --- [           main] c.b.d.d.DynamicRoutingDataSource         : dynamic-datasource - add a datasource named [audit] success
2026-05-05 21:57:01.485  INFO 19588 --- [           main] c.b.d.d.DynamicRoutingDataSource         : dynamic-datasource - add a datasource named [master] success
2026-05-05 21:57:01.485  INFO 19588 --- [           main] c.b.d.d.DynamicRoutingDataSource         : dynamic-datasource initial loaded [2] datasource,primary datasource named [master]
 _ _   |_  _ _|_. ___ _ |    _ 
| | |\/|_)(_| | |_\  |_)||_|_\ 
     /               |         
                        3.5.7 
____ ____    ___ ____ _  _ ____ _  _ 
[__  |__| __  |  |  | |_/  |___ |\ | 
___] |  |     |  |__| | \_ |___ | \| 
https://sa-token.cc (v1.37.0)
2026-05-05 21:57:04.078  INFO 19588 --- [           main] o.s.b.t.m.w.SpringBootMockServletContext : Initializing Spring TestDispatcherServlet ''
2026-05-05 21:57:04.078  INFO 19588 --- [           main] o.s.t.web.servlet.TestDispatcherServlet  : Initializing Servlet ''
2026-05-05 21:57:04.079  INFO 19588 --- [           main] o.s.t.web.servlet.TestDispatcherServlet  : Completed initialization in 1 ms
2026-05-05 21:57:04.151  INFO 19588 --- [           main] com.powergateway.M12FieldMappingTest     : Started M12FieldMappingTest in 5.2 seconds (JVM running for 6.498)
2026-05-05 21:57:04.514  INFO 19588 --- [           main] com.powergateway.config.DataInitializer  : ��Ԥ�ù���Ա�˺ţ�admin / Admin@123
2026-05-05 21:57:05.465  WARN 19588 --- [           main] c.p.exception.GlobalExceptionHandler     : ҵ���쳣: code=404, message=ģ�岻���ڣ�id=999999
2026-05-05 21:57:05.647  INFO 19588 --- [           main] .b.t.c.SpringBootTestContextBootstrapper : Neither @ContextConfiguration nor @ContextHierarchy found for test class [com.powergateway.M14ChannelHeaderTest], using SpringBootContextLoader
2026-05-05 21:57:05.648  INFO 19588 --- [           main] o.s.t.c.support.AbstractContextLoader    : Could not detect default resource locations for test class [com.powergateway.M14ChannelHeaderTest]: no resource found for suffixes {-context.xml, Context.groovy}.
2026-05-05 21:57:05.649  INFO 19588 --- [           main] t.c.s.AnnotationConfigContextLoaderUtils : Could not detect default configuration classes for test class [com.powergateway.M14ChannelHeaderTest]: M14ChannelHeaderTest does not declare any static, non-private, non-final, nested classes annotated with @Configuration.
2026-05-05 21:57:05.655  INFO 19588 --- [           main] .b.t.c.SpringBootTestContextBootstrapper : Found @SpringBootConfiguration com.powergateway.PowergatewayApplication for test class com.powergateway.M14ChannelHeaderTest
2026-05-05 21:57:05.657  INFO 19588 --- [           main] .b.t.c.SpringBootTestContextBootstrapper : Loaded default TestExecutionListener class names from location [META-INF/spring.factories]: [org.springframework.boot.test.mock.mockito.MockitoTestExecutionListener, org.springframework.boot.test.mock.mockito.ResetMocksTestExecutionListener, org.springframework.boot.test.autoconfigure.restdocs.RestDocsTestExecutionListener, org.springframework.boot.test.autoconfigure.web.client.MockRestServiceServerResetTestExecutionListener, org.springframework.boot.test.autoconfigure.web.servlet.MockMvcPrintOnlyOnFailureTestExecutionListener, org.springframework.boot.test.autoconfigure.web.servlet.WebDriverTestExecutionListener, org.springframework.boot.test.autoconfigure.webservices.client.MockWebServiceServerTestExecutionListener, org.springframework.test.context.web.ServletTestExecutionListener, org.springframework.test.context.support.DirtiesContextBeforeModesTestExecutionListener, org.springframework.test.context.event.ApplicationEventsTestExecutionListener, org.springframework.test.context.support.DependencyInjectionTestExecutionListener, org.springframework.test.context.support.DirtiesContextTestExecutionListener, org.springframework.test.context.transaction.TransactionalTestExecutionListener, org.springframework.test.context.jdbc.SqlScriptsTestExecutionListener, org.springframework.test.context.event.EventPublishingTestExecutionListener]
2026-05-05 21:57:05.658  INFO 19588 --- [           main] .b.t.c.SpringBootTestContextBootstrapper : Using TestExecutionListeners: [org.springframework.test.context.web.ServletTestExecutionListener@2419fe6f, org.springframework.test.context.support.DirtiesContextBeforeModesTestExecutionListener@78fb72cb, org.springframework.test.context.event.ApplicationEventsTestExecutionListener@398694a6, org.springframework.boot.test.mock.mockito.MockitoTestExecutionListener@653e7b, org.springframework.boot.test.autoconfigure.SpringBootDependencyInjectionTestExecutionListener@6b64429e, org.springframework.test.context.support.DirtiesContextTestExecutionListener@48aa0813, org.springframework.test.context.transaction.TransactionalTestExecutionListener@45849604, org.springframework.test.context.jdbc.SqlScriptsTestExecutionListener@6cbbfe29, org.springframework.test.context.event.EventPublishingTestExecutionListener@25823192, org.springframework.boot.test.mock.mockito.ResetMocksTestExecutionListener@3df04fa1, org.springframework.boot.test.autoconfigure.restdocs.RestDocsTestExecutionListener@5c25daad, org.springframework.boot.test.autoconfigure.web.client.MockRestServiceServerResetTestExecutionListener@6fdc2db6, org.springframework.boot.test.autoconfigure.web.servlet.MockMvcPrintOnlyOnFailureTestExecutionListener@5be69f7e, org.springframework.boot.test.autoconfigure.web.servlet.WebDriverTestExecutionListener@64544ee4, org.springframework.boot.test.autoconfigure.webservices.client.MockWebServiceServerTestExecutionListener@16d61071]
2026-05-05 21:57:05.668  INFO 19588 --- [           main] o.s.t.c.transaction.TransactionContext   : Began transaction (1) for test context [DefaultTestContext@46188a89 testClass = M14ChannelHeaderTest, testInstance = com.powergateway.M14ChannelHeaderTest@6f65a203, testMethod = saveChannel_withHeaderConfig_persistedAndReturned@M14ChannelHeaderTest, testException = [null], mergedContextConfiguration = [WebMergedContextConfiguration@1d0b447b testClass = M14ChannelHeaderTest, locations = '{}', classes = '{class com.powergateway.PowergatewayApplication}', contextInitializerClasses = '[]', activeProfiles = '{test}', propertySourceLocations = '{}', propertySourceProperties = '{org.springframework.boot.test.context.SpringBootTestContextBootstrapper=true}', contextCustomizers = set[[ImportsContextCustomizer@4de158ca key = [org.springframework.boot.test.autoconfigure.web.servlet.MockMvcWebDriverAutoConfiguration, org.springframework.boot.test.autoconfigure.web.servlet.MockMvcAutoConfiguration, org.springframework.boot.autoconfigure.security.oauth2.client.servlet.OAuth2ClientAutoConfiguration, org.springframework.boot.autoconfigure.security.servlet.SecurityAutoConfiguration, org.springframework.boot.autoconfigure.security.servlet.SecurityFilterAutoConfiguration, org.springframework.boot.autoconfigure.security.servlet.UserDetailsServiceAutoConfiguration, org.springframework.boot.autoconfigure.security.oauth2.resource.servlet.OAuth2ResourceServerAutoConfiguration, org.springframework.boot.test.autoconfigure.web.servlet.MockMvcSecurityConfiguration, org.springframework.boot.test.autoconfigure.web.servlet.MockMvcWebClientAutoConfiguration, org.springframework.boot.test.autoconfigure.web.reactive.WebTestClientAutoConfiguration]], org.springframework.boot.test.context.filter.ExcludeFilterContextCustomizer@303cf2ba, org.springframework.boot.test.json.DuplicateJsonObjectContextCustomizerFactory$DuplicateJsonObjectContextCustomizer@2b30a42c, org.springframework.boot.test.mock.mockito.MockitoContextCustomizer@0, org.springframework.boot.test.web.client.TestRestTemplateContextCustomizer@4d0d9fe7, org.springframework.boot.test.autoconfigure.actuate.metrics.MetricsExportContextCustomizerFactory$DisableMetricExportContextCustomizer@5a59ca5e, org.springframework.boot.test.autoconfigure.properties.PropertyMappingContextCustomizer@4b3fa0b3, org.springframework.boot.test.autoconfigure.web.servlet.WebDriverContextCustomizerFactory$Customizer@740fb309, org.springframework.boot.test.context.SpringBootTestArgs@1, org.springframework.boot.test.context.SpringBootTestWebEnvironment@45820e51], resourceBasePath = 'src/main/webapp', contextLoader = 'org.springframework.boot.test.context.SpringBootContextLoader', parent = [null]], attributes = map['org.springframework.test.context.web.ServletTestExecutionListener.activateListener' -> true, 'org.springframework.test.context.web.ServletTestExecutionListener.populatedRequestContextHolder' -> true, 'org.springframework.test.context.web.ServletTestExecutionListener.resetRequestContextHolder' -> true, 'org.springframework.test.context.event.ApplicationEventsTestExecutionListener.recordApplicationEvents' -> false]]; transaction manager [org.springframework.jdbc.support.JdbcTransactionManager@1d2def55]; rollback [true]
2026-05-05 21:57:05.760  INFO 19588 --- [           main] o.s.t.c.transaction.TransactionContext   : Rolled back transaction for test: [DefaultTestContext@46188a89 testClass = M14ChannelHeaderTest, testInstance = com.powergateway.M14ChannelHeaderTest@6f65a203, testMethod = saveChannel_withHeaderConfig_persistedAndReturned@M14ChannelHeaderTest, testException = [null], mergedContextConfiguration = [WebMergedContextConfiguration@1d0b447b testClass = M14ChannelHeaderTest, locations = '{}', classes = '{class com.powergateway.PowergatewayApplication}', contextInitializerClasses = '[]', activeProfiles = '{test}', propertySourceLocations = '{}', propertySourceProperties = '{org.springframework.boot.test.context.SpringBootTestContextBootstrapper=true}', contextCustomizers = set[[ImportsContextCustomizer@4de158ca key = [org.springframework.boot.test.autoconfigure.web.servlet.MockMvcWebDriverAutoConfiguration, org.springframework.boot.test.autoconfigure.web.servlet.MockMvcAutoConfiguration, org.springframework.boot.autoconfigure.security.oauth2.client.servlet.OAuth2ClientAutoConfiguration, org.springframework.boot.autoconfigure.security.servlet.SecurityAutoConfiguration, org.springframework.boot.autoconfigure.security.servlet.SecurityFilterAutoConfiguration, org.springframework.boot.autoconfigure.security.servlet.UserDetailsServiceAutoConfiguration, org.springframework.boot.autoconfigure.security.oauth2.resource.servlet.OAuth2ResourceServerAutoConfiguration, org.springframework.boot.test.autoconfigure.web.servlet.MockMvcSecurityConfiguration, org.springframework.boot.test.autoconfigure.web.servlet.MockMvcWebClientAutoConfiguration, org.springframework.boot.test.autoconfigure.web.reactive.WebTestClientAutoConfiguration]], org.springframework.boot.test.context.filter.ExcludeFilterContextCustomizer@303cf2ba, org.springframework.boot.test.json.DuplicateJsonObjectContextCustomizerFactory$DuplicateJsonObjectContextCustomizer@2b30a42c, org.springframework.boot.test.mock.mockito.MockitoContextCustomizer@0, org.springframework.boot.test.web.client.TestRestTemplateContextCustomizer@4d0d9fe7, org.springframework.boot.test.autoconfigure.actuate.metrics.MetricsExportContextCustomizerFactory$DisableMetricExportContextCustomizer@5a59ca5e, org.springframework.boot.test.autoconfigure.properties.PropertyMappingContextCustomizer@4b3fa0b3, org.springframework.boot.test.autoconfigure.web.servlet.WebDriverContextCustomizerFactory$Customizer@740fb309, org.springframework.boot.test.context.SpringBootTestArgs@1, org.springframework.boot.test.context.SpringBootTestWebEnvironment@45820e51], resourceBasePath = 'src/main/webapp', contextLoader = 'org.springframework.boot.test.context.SpringBootContextLoader', parent = [null]], attributes = map['org.springframework.test.context.web.ServletTestExecutionListener.activateListener' -> true, 'org.springframework.test.context.web.ServletTestExecutionListener.populatedRequestContextHolder' -> true, 'org.springframework.test.context.web.ServletTestExecutionListener.resetRequestContextHolder' -> true, 'org.springframework.test.context.event.ApplicationEventsTestExecutionListener.recordApplicationEvents' -> false]]
2026-05-05 21:57:05.763  INFO 19588 --- [           main] o.s.t.c.transaction.TransactionContext   : Began transaction (1) for test context [DefaultTestContext@46188a89 testClass = M14ChannelHeaderTest, testInstance = com.powergateway.M14ChannelHeaderTest@1c2cdc67, testMethod = saveChannel_withoutHeaderConfig_noError@M14ChannelHeaderTest, testException = [null], mergedContextConfiguration = [WebMergedContextConfiguration@1d0b447b testClass = M14ChannelHeaderTest, locations = '{}', classes = '{class com.powergateway.PowergatewayApplication}', contextInitializerClasses = '[]', activeProfiles = '{test}', propertySourceLocations = '{}', propertySourceProperties = '{org.springframework.boot.test.context.SpringBootTestContextBootstrapper=true}', contextCustomizers = set[[ImportsContextCustomizer@4de158ca key = [org.springframework.boot.test.autoconfigure.web.servlet.MockMvcWebDriverAutoConfiguration, org.springframework.boot.test.autoconfigure.web.servlet.MockMvcAutoConfiguration, org.springframework.boot.autoconfigure.security.oauth2.client.servlet.OAuth2ClientAutoConfiguration, org.springframework.boot.autoconfigure.security.servlet.SecurityAutoConfiguration, org.springframework.boot.autoconfigure.security.servlet.SecurityFilterAutoConfiguration, org.springframework.boot.autoconfigure.security.servlet.UserDetailsServiceAutoConfiguration, org.springframework.boot.autoconfigure.security.oauth2.resource.servlet.OAuth2ResourceServerAutoConfiguration, org.springframework.boot.test.autoconfigure.web.servlet.MockMvcSecurityConfiguration, org.springframework.boot.test.autoconfigure.web.servlet.MockMvcWebClientAutoConfiguration, org.springframework.boot.test.autoconfigure.web.reactive.WebTestClientAutoConfiguration]], org.springframework.boot.test.context.filter.ExcludeFilterContextCustomizer@303cf2ba, org.springframework.boot.test.json.DuplicateJsonObjectContextCustomizerFactory$DuplicateJsonObjectContextCustomizer@2b30a42c, org.springframework.boot.test.mock.mockito.MockitoContextCustomizer@0, org.springframework.boot.test.web.client.TestRestTemplateContextCustomizer@4d0d9fe7, org.springframework.boot.test.autoconfigure.actuate.metrics.MetricsExportContextCustomizerFactory$DisableMetricExportContextCustomizer@5a59ca5e, org.springframework.boot.test.autoconfigure.properties.PropertyMappingContextCustomizer@4b3fa0b3, org.springframework.boot.test.autoconfigure.web.servlet.WebDriverContextCustomizerFactory$Customizer@740fb309, org.springframework.boot.test.context.SpringBootTestArgs@1, org.springframework.boot.test.context.SpringBootTestWebEnvironment@45820e51], resourceBasePath = 'src/main/webapp', contextLoader = 'org.springframework.boot.test.context.SpringBootContextLoader', parent = [null]], attributes = map['org.springframework.test.context.web.ServletTestExecutionListener.activateListener' -> true, 'org.springframework.test.context.web.ServletTestExecutionListener.populatedRequestContextHolder' -> true, 'org.springframework.test.context.web.ServletTestExecutionListener.resetRequestContextHolder' -> true, 'org.springframework.test.context.event.ApplicationEventsTestExecutionListener.recordApplicationEvents' -> false]]; transaction manager [org.springframework.jdbc.support.JdbcTransactionManager@1d2def55]; rollback [true]
2026-05-05 21:57:05.842  INFO 19588 --- [           main] o.s.t.c.transaction.TransactionContext   : Rolled back transaction for test: [DefaultTestContext@46188a89 testClass = M14ChannelHeaderTest, testInstance = com.powergateway.M14ChannelHeaderTest@1c2cdc67, testMethod = saveChannel_withoutHeaderConfig_noError@M14ChannelHeaderTest, testException = [null], mergedContextConfiguration = [WebMergedContextConfiguration@1d0b447b testClass = M14ChannelHeaderTest, locations = '{}', classes = '{class com.powergateway.PowergatewayApplication}', contextInitializerClasses = '[]', activeProfiles = '{test}', propertySourceLocations = '{}', propertySourceProperties = '{org.springframework.boot.test.context.SpringBootTestContextBootstrapper=true}', contextCustomizers = set[[ImportsContextCustomizer@4de158ca key = [org.springframework.boot.test.autoconfigure.web.servlet.MockMvcWebDriverAutoConfiguration, org.springframework.boot.test.autoconfigure.web.servlet.MockMvcAutoConfiguration, org.springframework.boot.autoconfigure.security.oauth2.client.servlet.OAuth2ClientAutoConfiguration, org.springframework.boot.autoconfigure.security.servlet.SecurityAutoConfiguration, org.springframework.boot.autoconfigure.security.servlet.SecurityFilterAutoConfiguration, org.springframework.boot.autoconfigure.security.servlet.UserDetailsServiceAutoConfiguration, org.springframework.boot.autoconfigure.security.oauth2.resource.servlet.OAuth2ResourceServerAutoConfiguration, org.springframework.boot.test.autoconfigure.web.servlet.MockMvcSecurityConfiguration, org.springframework.boot.test.autoconfigure.web.servlet.MockMvcWebClientAutoConfiguration, org.springframework.boot.test.autoconfigure.web.reactive.WebTestClientAutoConfiguration]], org.springframework.boot.test.context.filter.ExcludeFilterContextCustomizer@303cf2ba, org.springframework.boot.test.json.DuplicateJsonObjectContextCustomizerFactory$DuplicateJsonObjectContextCustomizer@2b30a42c, org.springframework.boot.test.mock.mockito.MockitoContextCustomizer@0, org.springframework.boot.test.web.client.TestRestTemplateContextCustomizer@4d0d9fe7, org.springframework.boot.test.autoconfigure.actuate.metrics.MetricsExportContextCustomizerFactory$DisableMetricExportContextCustomizer@5a59ca5e, org.springframework.boot.test.autoconfigure.properties.PropertyMappingContextCustomizer@4b3fa0b3, org.springframework.boot.test.autoconfigure.web.servlet.WebDriverContextCustomizerFactory$Customizer@740fb309, org.springframework.boot.test.context.SpringBootTestArgs@1, org.springframework.boot.test.context.SpringBootTestWebEnvironment@45820e51], resourceBasePath = 'src/main/webapp', contextLoader = 'org.springframework.boot.test.context.SpringBootContextLoader', parent = [null]], attributes = map['org.springframework.test.context.web.ServletTestExecutionListener.activateListener' -> true, 'org.springframework.test.context.web.ServletTestExecutionListener.populatedRequestContextHolder' -> true, 'org.springframework.test.context.web.ServletTestExecutionListener.resetRequestContextHolder' -> true, 'org.springframework.test.context.event.ApplicationEventsTestExecutionListener.recordApplicationEvents' -> false]]
2026-05-05 21:57:05.845  INFO 19588 --- [           main] .b.t.c.SpringBootTestContextBootstrapper : Neither @ContextConfiguration nor @ContextHierarchy found for test class [com.powergateway.M14ChannelTemplateTest], using SpringBootContextLoader
2026-05-05 21:57:05.845  INFO 19588 --- [           main] o.s.t.c.support.AbstractContextLoader    : Could not detect default resource locations for test class [com.powergateway.M14ChannelTemplateTest]: no resource found for suffixes {-context.xml, Context.groovy}.
2026-05-05 21:57:05.845  INFO 19588 --- [           main] t.c.s.AnnotationConfigContextLoaderUtils : Could not detect default configuration classes for test class [com.powergateway.M14ChannelTemplateTest]: M14ChannelTemplateTest does not declare any static, non-private, non-final, nested classes annotated with @Configuration.
2026-05-05 21:57:05.850  INFO 19588 --- [           main] .b.t.c.SpringBootTestContextBootstrapper : Found @SpringBootConfiguration com.powergateway.PowergatewayApplication for test class com.powergateway.M14ChannelTemplateTest
2026-05-05 21:57:05.851  INFO 19588 --- [           main] .b.t.c.SpringBootTestContextBootstrapper : Loaded default TestExecutionListener class names from location [META-INF/spring.factories]: [org.springframework.boot.test.mock.mockito.MockitoTestExecutionListener, org.springframework.boot.test.mock.mockito.ResetMocksTestExecutionListener, org.springframework.boot.test.autoconfigure.restdocs.RestDocsTestExecutionListener, org.springframework.boot.test.autoconfigure.web.client.MockRestServiceServerResetTestExecutionListener, org.springframework.boot.test.autoconfigure.web.servlet.MockMvcPrintOnlyOnFailureTestExecutionListener, org.springframework.boot.test.autoconfigure.web.servlet.WebDriverTestExecutionListener, org.springframework.boot.test.autoconfigure.webservices.client.MockWebServiceServerTestExecutionListener, org.springframework.test.context.web.ServletTestExecutionListener, org.springframework.test.context.support.DirtiesContextBeforeModesTestExecutionListener, org.springframework.test.context.event.ApplicationEventsTestExecutionListener, org.springframework.test.context.support.DependencyInjectionTestExecutionListener, org.springframework.test.context.support.DirtiesContextTestExecutionListener, org.springframework.test.context.transaction.TransactionalTestExecutionListener, org.springframework.test.context.jdbc.SqlScriptsTestExecutionListener, org.springframework.test.context.event.EventPublishingTestExecutionListener]
2026-05-05 21:57:05.852  INFO 19588 --- [           main] .b.t.c.SpringBootTestContextBootstrapper : Using TestExecutionListeners: [org.springframework.test.context.web.ServletTestExecutionListener@1f4dd016, org.springframework.test.context.support.DirtiesContextBeforeModesTestExecutionListener@396f2724, org.springframework.test.context.event.ApplicationEventsTestExecutionListener@1b465fa9, org.springframework.boot.test.mock.mockito.MockitoTestExecutionListener@28b2e4d8, org.springframework.boot.test.autoconfigure.SpringBootDependencyInjectionTestExecutionListener@598e5cb8, org.springframework.test.context.support.DirtiesContextTestExecutionListener@199806aa, org.springframework.test.context.transaction.TransactionalTestExecutionListener@300aa927, org.springframework.test.context.jdbc.SqlScriptsTestExecutionListener@fa11fda, org.springframework.test.context.event.EventPublishingTestExecutionListener@24e1e90a, org.springframework.boot.test.mock.mockito.ResetMocksTestExecutionListener@7d95166a, org.springframework.boot.test.autoconfigure.restdocs.RestDocsTestExecutionListener@18b3db6e, org.springframework.boot.test.autoconfigure.web.client.MockRestServiceServerResetTestExecutionListener@1feb586d, org.springframework.boot.test.autoconfigure.web.servlet.MockMvcPrintOnlyOnFailureTestExecutionListener@34695b23, org.springframework.boot.test.autoconfigure.web.servlet.WebDriverTestExecutionListener@611a2d82, org.springframework.boot.test.autoconfigure.webservices.client.MockWebServiceServerTestExecutionListener@6774f264]
2026-05-05 21:57:05.945  WARN 19588 --- [           main] c.p.exception.GlobalExceptionHandler     : ҵ���쳣: code=404, message=�������ò����ڣ�id=3
2026-05-05 21:57:06.027  WARN 19588 --- [           main] c.p.exception.GlobalExceptionHandler     : ҵ���쳣: code=400, message=���������Ѵ��ڣ�CH_DUP_1777989426020
2026-05-05 21:57:06.101  WARN 19588 --- [           main] c.p.exception.GlobalExceptionHandler     : ҵ���쳣: code=400, message=�������벻��Ϊ��
2026-05-05 21:57:06.179  WARN 19588 --- [           main] c.p.exception.GlobalExceptionHandler     : ҵ���쳣: code=400, message=ʶ���ֶβ���Ϊ��
2026-05-05 21:57:06.337  WARN 19588 --- [           main] c.p.exception.GlobalExceptionHandler     : ҵ���쳣: code=400, message=��֧�ֵı��ĸ�ʽ: UNKNOWN
2026-05-05 21:57:06.656  WARN 19588 --- [           main] c.p.exception.GlobalExceptionHandler     : ҵ���쳣: code=404, message=�������ò����ڣ�id=999999
2026-05-05 21:57:06.819  INFO 19588 --- [           main] .b.t.c.SpringBootTestContextBootstrapper : Neither @ContextConfiguration nor @ContextHierarchy found for test class [com.powergateway.M15TemplateCrudTest], using SpringBootContextLoader
2026-05-05 21:57:06.819  INFO 19588 --- [           main] o.s.t.c.support.AbstractContextLoader    : Could not detect default resource locations for test class [com.powergateway.M15TemplateCrudTest]: no resource found for suffixes {-context.xml, Context.groovy}.
2026-05-05 21:57:06.820  INFO 19588 --- [           main] t.c.s.AnnotationConfigContextLoaderUtils : Could not detect default configuration classes for test class [com.powergateway.M15TemplateCrudTest]: M15TemplateCrudTest does not declare any static, non-private, non-final, nested classes annotated with @Configuration.
2026-05-05 21:57:06.823  INFO 19588 --- [           main] .b.t.c.SpringBootTestContextBootstrapper : Found @SpringBootConfiguration com.powergateway.PowergatewayApplication for test class com.powergateway.M15TemplateCrudTest
2026-05-05 21:57:06.825  INFO 19588 --- [           main] .b.t.c.SpringBootTestContextBootstrapper : Loaded default TestExecutionListener class names from location [META-INF/spring.factories]: [org.springframework.boot.test.mock.mockito.MockitoTestExecutionListener, org.springframework.boot.test.mock.mockito.ResetMocksTestExecutionListener, org.springframework.boot.test.autoconfigure.restdocs.RestDocsTestExecutionListener, org.springframework.boot.test.autoconfigure.web.client.MockRestServiceServerResetTestExecutionListener, org.springframework.boot.test.autoconfigure.web.servlet.MockMvcPrintOnlyOnFailureTestExecutionListener, org.springframework.boot.test.autoconfigure.web.servlet.WebDriverTestExecutionListener, org.springframework.boot.test.autoconfigure.webservices.client.MockWebServiceServerTestExecutionListener, org.springframework.test.context.web.ServletTestExecutionListener, org.springframework.test.context.support.DirtiesContextBeforeModesTestExecutionListener, org.springframework.test.context.event.ApplicationEventsTestExecutionListener, org.springframework.test.context.support.DependencyInjectionTestExecutionListener, org.springframework.test.context.support.DirtiesContextTestExecutionListener, org.springframework.test.context.transaction.TransactionalTestExecutionListener, org.springframework.test.context.jdbc.SqlScriptsTestExecutionListener, org.springframework.test.context.event.EventPublishingTestExecutionListener]
2026-05-05 21:57:06.825  INFO 19588 --- [           main] .b.t.c.SpringBootTestContextBootstrapper : Using TestExecutionListeners: [org.springframework.test.context.web.ServletTestExecutionListener@118a4d5, org.springframework.test.context.support.DirtiesContextBeforeModesTestExecutionListener@6cb194f5, org.springframework.test.context.event.ApplicationEventsTestExecutionListener@74b7497b, org.springframework.boot.test.mock.mockito.MockitoTestExecutionListener@74f649a7, org.springframework.boot.test.autoconfigure.SpringBootDependencyInjectionTestExecutionListener@308c65e0, org.springframework.test.context.support.DirtiesContextTestExecutionListener@50fa5938, org.springframework.test.context.transaction.TransactionalTestExecutionListener@1e482ecd, org.springframework.test.context.jdbc.SqlScriptsTestExecutionListener@58b5f7d2, org.springframework.test.context.event.EventPublishingTestExecutionListener@bc52a41, org.springframework.boot.test.mock.mockito.ResetMocksTestExecutionListener@9f48198, org.springframework.boot.test.autoconfigure.restdocs.RestDocsTestExecutionListener@5615f82d, org.springframework.boot.test.autoconfigure.web.client.MockRestServiceServerResetTestExecutionListener@21698e5a, org.springframework.boot.test.autoconfigure.web.servlet.MockMvcPrintOnlyOnFailureTestExecutionListener@3dc2f14, org.springframework.boot.test.autoconfigure.web.servlet.WebDriverTestExecutionListener@2e8986b6, org.springframework.boot.test.autoconfigure.webservices.client.MockWebServiceServerTestExecutionListener@5724c7da]
2026-05-05 21:57:07.152  WARN 19588 --- [           main] c.p.exception.GlobalExceptionHandler     : ҵ���쳣: code=404, message=ģ�岻���ڣ�id=25
2026-05-05 21:57:07.569  WARN 19588 --- [           main] c.p.exception.GlobalExceptionHandler     : ҵ���쳣: code=404, message=ģ�岻���ڣ�id=999999
2026-05-05 21:57:07.641  WARN 19588 --- [           main] c.p.exception.GlobalExceptionHandler     : ҵ���쳣: code=404, message=ģ�岻���ڣ�id=999999
2026-05-05 21:57:07.645  INFO 19588 --- [           main] .b.t.c.SpringBootTestContextBootstrapper : Neither @ContextConfiguration nor @ContextHierarchy found for test class [com.powergateway.M16ConvertApiTest], using SpringBootContextLoader
2026-05-05 21:57:07.646  INFO 19588 --- [           main] o.s.t.c.support.AbstractContextLoader    : Could not detect default resource locations for test class [com.powergateway.M16ConvertApiTest]: no resource found for suffixes {-context.xml, Context.groovy}.
2026-05-05 21:57:07.646  INFO 19588 --- [           main] t.c.s.AnnotationConfigContextLoaderUtils : Could not detect default configuration classes for test class [com.powergateway.M16ConvertApiTest]: M16ConvertApiTest does not declare any static, non-private, non-final, nested classes annotated with @Configuration.
2026-05-05 21:57:07.652  INFO 19588 --- [           main] .b.t.c.SpringBootTestContextBootstrapper : Found @SpringBootConfiguration com.powergateway.PowergatewayApplication for test class com.powergateway.M16ConvertApiTest
2026-05-05 21:57:07.653  INFO 19588 --- [           main] .b.t.c.SpringBootTestContextBootstrapper : Loaded default TestExecutionListener class names from location [META-INF/spring.factories]: [org.springframework.boot.test.mock.mockito.MockitoTestExecutionListener, org.springframework.boot.test.mock.mockito.ResetMocksTestExecutionListener, org.springframework.boot.test.autoconfigure.restdocs.RestDocsTestExecutionListener, org.springframework.boot.test.autoconfigure.web.client.MockRestServiceServerResetTestExecutionListener, org.springframework.boot.test.autoconfigure.web.servlet.MockMvcPrintOnlyOnFailureTestExecutionListener, org.springframework.boot.test.autoconfigure.web.servlet.WebDriverTestExecutionListener, org.springframework.boot.test.autoconfigure.webservices.client.MockWebServiceServerTestExecutionListener, org.springframework.test.context.web.ServletTestExecutionListener, org.springframework.test.context.support.DirtiesContextBeforeModesTestExecutionListener, org.springframework.test.context.event.ApplicationEventsTestExecutionListener, org.springframework.test.context.support.DependencyInjectionTestExecutionListener, org.springframework.test.context.support.DirtiesContextTestExecutionListener, org.springframework.test.context.transaction.TransactionalTestExecutionListener, org.springframework.test.context.jdbc.SqlScriptsTestExecutionListener, org.springframework.test.context.event.EventPublishingTestExecutionListener]
2026-05-05 21:57:07.654  INFO 19588 --- [           main] .b.t.c.SpringBootTestContextBootstrapper : Using TestExecutionListeners: [org.springframework.test.context.web.ServletTestExecutionListener@4e26987b, org.springframework.test.context.support.DirtiesContextBeforeModesTestExecutionListener@50bb1c1f, org.springframework.test.context.event.ApplicationEventsTestExecutionListener@39342614, org.springframework.boot.test.mock.mockito.MockitoTestExecutionListener@7981963f, org.springframework.boot.test.autoconfigure.SpringBootDependencyInjectionTestExecutionListener@31e3c34, org.springframework.test.context.support.DirtiesContextTestExecutionListener@b4d83ac, org.springframework.test.context.transaction.TransactionalTestExecutionListener@13d10057, org.springframework.test.context.jdbc.SqlScriptsTestExecutionListener@66944c7c, org.springframework.test.context.event.EventPublishingTestExecutionListener@14993306, org.springframework.boot.test.mock.mockito.ResetMocksTestExecutionListener@73ae82da, org.springframework.boot.test.autoconfigure.restdocs.RestDocsTestExecutionListener@6866e740, org.springframework.boot.test.autoconfigure.web.client.MockRestServiceServerResetTestExecutionListener@2cd5b19c, org.springframework.boot.test.autoconfigure.web.servlet.MockMvcPrintOnlyOnFailureTestExecutionListener@7109b603, org.springframework.boot.test.autoconfigure.web.servlet.WebDriverTestExecutionListener@76b642aa, org.springframework.boot.test.autoconfigure.webservices.client.MockWebServiceServerTestExecutionListener@29b5e7db]
2026-05-05 21:57:08.113  WARN 19588 --- [           main] c.p.exception.GlobalExceptionHandler     : ҵ���쳣: code=400, message=Դ���� message ����Ϊ��
2026-05-05 21:57:08.257  WARN 19588 --- [           main] c.p.exception.GlobalExceptionHandler     : ҵ���쳣: code=400, message=Դ��ʽ srcFormat ����Ϊ��
2026-05-05 21:57:08.328  WARN 19588 --- [           main] c.p.exception.GlobalExceptionHandler     : ҵ���쳣: code=404, message=ģ�岻���ڣ�id=9999999
2026-05-05 21:57:08.398  WARN 19588 --- [           main] c.p.exception.GlobalExceptionHandler     : ҵ���쳣: code=400, message=δ�� templateId �ұ���δ�����κ��������ã��޷�ȷ��ת��ģ��
2026-05-05 21:57:08.615  WARN 19588 --- [           main] c.p.exception.GlobalExceptionHandler     : ҵ���쳣: code=400, message=��֧�ֵı��ĸ�ʽ: YAML
2026-05-05 21:57:08.619  INFO 19588 --- [           main] .b.t.c.SpringBootTestContextBootstrapper : Neither @ContextConfiguration nor @ContextHierarchy found for test class [com.powergateway.M17HeaderDispatchTest], using SpringBootContextLoader
2026-05-05 21:57:08.620  INFO 19588 --- [           main] o.s.t.c.support.AbstractContextLoader    : Could not detect default resource locations for test class [com.powergateway.M17HeaderDispatchTest]: no resource found for suffixes {-context.xml, Context.groovy}.
2026-05-05 21:57:08.620  INFO 19588 --- [           main] t.c.s.AnnotationConfigContextLoaderUtils : Could not detect default configuration classes for test class [com.powergateway.M17HeaderDispatchTest]: M17HeaderDispatchTest does not declare any static, non-private, non-final, nested classes annotated with @Configuration.
2026-05-05 21:57:08.624  INFO 19588 --- [           main] .b.t.c.SpringBootTestContextBootstrapper : Found @SpringBootConfiguration com.powergateway.PowergatewayApplication for test class com.powergateway.M17HeaderDispatchTest
2026-05-05 21:57:08.625  INFO 19588 --- [           main] .b.t.c.SpringBootTestContextBootstrapper : Loaded default TestExecutionListener class names from location [META-INF/spring.factories]: [org.springframework.boot.test.mock.mockito.MockitoTestExecutionListener, org.springframework.boot.test.mock.mockito.ResetMocksTestExecutionListener, org.springframework.boot.test.autoconfigure.restdocs.RestDocsTestExecutionListener, org.springframework.boot.test.autoconfigure.web.client.MockRestServiceServerResetTestExecutionListener, org.springframework.boot.test.autoconfigure.web.servlet.MockMvcPrintOnlyOnFailureTestExecutionListener, org.springframework.boot.test.autoconfigure.web.servlet.WebDriverTestExecutionListener, org.springframework.boot.test.autoconfigure.webservices.client.MockWebServiceServerTestExecutionListener, org.springframework.test.context.web.ServletTestExecutionListener, org.springframework.test.context.support.DirtiesContextBeforeModesTestExecutionListener, org.springframework.test.context.event.ApplicationEventsTestExecutionListener, org.springframework.test.context.support.DependencyInjectionTestExecutionListener, org.springframework.test.context.support.DirtiesContextTestExecutionListener, org.springframework.test.context.transaction.TransactionalTestExecutionListener, org.springframework.test.context.jdbc.SqlScriptsTestExecutionListener, org.springframework.test.context.event.EventPublishingTestExecutionListener]
2026-05-05 21:57:08.625  INFO 19588 --- [           main] .b.t.c.SpringBootTestContextBootstrapper : Using TestExecutionListeners: [org.springframework.test.context.web.ServletTestExecutionListener@10408ea, org.springframework.test.context.support.DirtiesContextBeforeModesTestExecutionListener@3d7b3b18, org.springframework.test.context.event.ApplicationEventsTestExecutionListener@186dcb05, org.springframework.boot.test.mock.mockito.MockitoTestExecutionListener@1d0dad12, org.springframework.boot.test.autoconfigure.SpringBootDependencyInjectionTestExecutionListener@3c6fb501, org.springframework.test.context.support.DirtiesContextTestExecutionListener@58a8ea6f, org.springframework.test.context.transaction.TransactionalTestExecutionListener@2e6b379c, org.springframework.test.context.jdbc.SqlScriptsTestExecutionListener@5e7e7a7e, org.springframework.test.context.event.EventPublishingTestExecutionListener@1ff81b0d, org.springframework.boot.test.mock.mockito.ResetMocksTestExecutionListener@1c610f, org.springframework.boot.test.autoconfigure.restdocs.RestDocsTestExecutionListener@773c7147, org.springframework.boot.test.autoconfigure.web.client.MockRestServiceServerResetTestExecutionListener@5abc5854, org.springframework.boot.test.autoconfigure.web.servlet.MockMvcPrintOnlyOnFailureTestExecutionListener@5c3007d, org.springframework.boot.test.autoconfigure.web.servlet.WebDriverTestExecutionListener@66b40dd3, org.springframework.boot.test.autoconfigure.webservices.client.MockWebServiceServerTestExecutionListener@7296fe0b]
2026-05-05 21:57:08.628  INFO 19588 --- [           main] o.s.t.c.transaction.TransactionContext   : Began transaction (1) for test context [DefaultTestContext@54b2d002 testClass = M17HeaderDispatchTest, testInstance = com.powergateway.M17HeaderDispatchTest@1d1c63af, testMethod = dispatch_routeHeaderOverridesChannelHeader@M17HeaderDispatchTest, testException = [null], mergedContextConfiguration = [WebMergedContextConfiguration@2095c331 testClass = M17HeaderDispatchTest, locations = '{}', classes = '{class com.powergateway.PowergatewayApplication}', contextInitializerClasses = '[]', activeProfiles = '{test}', propertySourceLocations = '{}', propertySourceProperties = '{org.springframework.boot.test.context.SpringBootTestContextBootstrapper=true}', contextCustomizers = set[[ImportsContextCustomizer@3909a854 key = [org.springframework.boot.test.autoconfigure.web.servlet.MockMvcWebDriverAutoConfiguration, org.springframework.boot.test.autoconfigure.web.servlet.MockMvcAutoConfiguration, org.springframework.boot.autoconfigure.security.oauth2.client.servlet.OAuth2ClientAutoConfiguration, org.springframework.boot.autoconfigure.security.servlet.SecurityAutoConfiguration, org.springframework.boot.autoconfigure.security.servlet.SecurityFilterAutoConfiguration, org.springframework.boot.autoconfigure.security.servlet.UserDetailsServiceAutoConfiguration, org.springframework.boot.autoconfigure.security.oauth2.resource.servlet.OAuth2ResourceServerAutoConfiguration, org.springframework.boot.test.autoconfigure.web.servlet.MockMvcSecurityConfiguration, org.springframework.boot.test.autoconfigure.web.servlet.MockMvcWebClientAutoConfiguration, org.springframework.boot.test.autoconfigure.web.reactive.WebTestClientAutoConfiguration]], org.springframework.boot.test.context.filter.ExcludeFilterContextCustomizer@303cf2ba, org.springframework.boot.test.json.DuplicateJsonObjectContextCustomizerFactory$DuplicateJsonObjectContextCustomizer@2b30a42c, org.springframework.boot.test.mock.mockito.MockitoContextCustomizer@0, org.springframework.boot.test.web.client.TestRestTemplateContextCustomizer@4d0d9fe7, org.springframework.boot.test.autoconfigure.actuate.metrics.MetricsExportContextCustomizerFactory$DisableMetricExportContextCustomizer@5a59ca5e, org.springframework.boot.test.autoconfigure.properties.PropertyMappingContextCustomizer@4b3fa0b3, org.springframework.boot.test.autoconfigure.web.servlet.WebDriverContextCustomizerFactory$Customizer@740fb309, org.springframework.boot.test.context.SpringBootTestArgs@1, org.springframework.boot.test.context.SpringBootTestWebEnvironment@45820e51], resourceBasePath = 'src/main/webapp', contextLoader = 'org.springframework.boot.test.context.SpringBootContextLoader', parent = [null]], attributes = map['org.springframework.test.context.web.ServletTestExecutionListener.activateListener' -> true, 'org.springframework.test.context.web.ServletTestExecutionListener.populatedRequestContextHolder' -> true, 'org.springframework.test.context.web.ServletTestExecutionListener.resetRequestContextHolder' -> true, 'org.springframework.test.context.event.ApplicationEventsTestExecutionListener.recordApplicationEvents' -> false]]; transaction manager [org.springframework.jdbc.support.JdbcTransactionManager@1d2def55]; rollback [true]
2026-05-05 21:57:08.734  INFO 19588 --- [           main] c.powergateway.service.PortRouteService  : �ַ���ɣ�channelCode=CH_HDR_OVR_1777989428700, costMs=17
2026-05-05 21:57:08.736  INFO 19588 --- [           main] o.s.t.c.transaction.TransactionContext   : Rolled back transaction for test: [DefaultTestContext@54b2d002 testClass = M17HeaderDispatchTest, testInstance = com.powergateway.M17HeaderDispatchTest@1d1c63af, testMethod = dispatch_routeHeaderOverridesChannelHeader@M17HeaderDispatchTest, testException = [null], mergedContextConfiguration = [WebMergedContextConfiguration@2095c331 testClass = M17HeaderDispatchTest, locations = '{}', classes = '{class com.powergateway.PowergatewayApplication}', contextInitializerClasses = '[]', activeProfiles = '{test}', propertySourceLocations = '{}', propertySourceProperties = '{org.springframework.boot.test.context.SpringBootTestContextBootstrapper=true}', contextCustomizers = set[[ImportsContextCustomizer@3909a854 key = [org.springframework.boot.test.autoconfigure.web.servlet.MockMvcWebDriverAutoConfiguration, org.springframework.boot.test.autoconfigure.web.servlet.MockMvcAutoConfiguration, org.springframework.boot.autoconfigure.security.oauth2.client.servlet.OAuth2ClientAutoConfiguration, org.springframework.boot.autoconfigure.security.servlet.SecurityAutoConfiguration, org.springframework.boot.autoconfigure.security.servlet.SecurityFilterAutoConfiguration, org.springframework.boot.autoconfigure.security.servlet.UserDetailsServiceAutoConfiguration, org.springframework.boot.autoconfigure.security.oauth2.resource.servlet.OAuth2ResourceServerAutoConfiguration, org.springframework.boot.test.autoconfigure.web.servlet.MockMvcSecurityConfiguration, org.springframework.boot.test.autoconfigure.web.servlet.MockMvcWebClientAutoConfiguration, org.springframework.boot.test.autoconfigure.web.reactive.WebTestClientAutoConfiguration]], org.springframework.boot.test.context.filter.ExcludeFilterContextCustomizer@303cf2ba, org.springframework.boot.test.json.DuplicateJsonObjectContextCustomizerFactory$DuplicateJsonObjectContextCustomizer@2b30a42c, org.springframework.boot.test.mock.mockito.MockitoContextCustomizer@0, org.springframework.boot.test.web.client.TestRestTemplateContextCustomizer@4d0d9fe7, org.springframework.boot.test.autoconfigure.actuate.metrics.MetricsExportContextCustomizerFactory$DisableMetricExportContextCustomizer@5a59ca5e, org.springframework.boot.test.autoconfigure.properties.PropertyMappingContextCustomizer@4b3fa0b3, org.springframework.boot.test.autoconfigure.web.servlet.WebDriverContextCustomizerFactory$Customizer@740fb309, org.springframework.boot.test.context.SpringBootTestArgs@1, org.springframework.boot.test.context.SpringBootTestWebEnvironment@45820e51], resourceBasePath = 'src/main/webapp', contextLoader = 'org.springframework.boot.test.context.SpringBootContextLoader', parent = [null]], attributes = map['org.springframework.test.context.web.ServletTestExecutionListener.activateListener' -> true, 'org.springframework.test.context.web.ServletTestExecutionListener.populatedRequestContextHolder' -> true, 'org.springframework.test.context.web.ServletTestExecutionListener.resetRequestContextHolder' -> true, 'org.springframework.test.context.event.ApplicationEventsTestExecutionListener.recordApplicationEvents' -> false]]
2026-05-05 21:57:08.738  INFO 19588 --- [           main] o.s.t.c.transaction.TransactionContext   : Began transaction (1) for test context [DefaultTestContext@54b2d002 testClass = M17HeaderDispatchTest, testInstance = com.powergateway.M17HeaderDispatchTest@af3295f, testMethod = dispatch_channelHeaderConfig_injectedIntoForwardRequest@M17HeaderDispatchTest, testException = [null], mergedContextConfiguration = [WebMergedContextConfiguration@2095c331 testClass = M17HeaderDispatchTest, locations = '{}', classes = '{class com.powergateway.PowergatewayApplication}', contextInitializerClasses = '[]', activeProfiles = '{test}', propertySourceLocations = '{}', propertySourceProperties = '{org.springframework.boot.test.context.SpringBootTestContextBootstrapper=true}', contextCustomizers = set[[ImportsContextCustomizer@3909a854 key = [org.springframework.boot.test.autoconfigure.web.servlet.MockMvcWebDriverAutoConfiguration, org.springframework.boot.test.autoconfigure.web.servlet.MockMvcAutoConfiguration, org.springframework.boot.autoconfigure.security.oauth2.client.servlet.OAuth2ClientAutoConfiguration, org.springframework.boot.autoconfigure.security.servlet.SecurityAutoConfiguration, org.springframework.boot.autoconfigure.security.servlet.SecurityFilterAutoConfiguration, org.springframework.boot.autoconfigure.security.servlet.UserDetailsServiceAutoConfiguration, org.springframework.boot.autoconfigure.security.oauth2.resource.servlet.OAuth2ResourceServerAutoConfiguration, org.springframework.boot.test.autoconfigure.web.servlet.MockMvcSecurityConfiguration, org.springframework.boot.test.autoconfigure.web.servlet.MockMvcWebClientAutoConfiguration, org.springframework.boot.test.autoconfigure.web.reactive.WebTestClientAutoConfiguration]], org.springframework.boot.test.context.filter.ExcludeFilterContextCustomizer@303cf2ba, org.springframework.boot.test.json.DuplicateJsonObjectContextCustomizerFactory$DuplicateJsonObjectContextCustomizer@2b30a42c, org.springframework.boot.test.mock.mockito.MockitoContextCustomizer@0, org.springframework.boot.test.web.client.TestRestTemplateContextCustomizer@4d0d9fe7, org.springframework.boot.test.autoconfigure.actuate.metrics.MetricsExportContextCustomizerFactory$DisableMetricExportContextCustomizer@5a59ca5e, org.springframework.boot.test.autoconfigure.properties.PropertyMappingContextCustomizer@4b3fa0b3, org.springframework.boot.test.autoconfigure.web.servlet.WebDriverContextCustomizerFactory$Customizer@740fb309, org.springframework.boot.test.context.SpringBootTestArgs@1, org.springframework.boot.test.context.SpringBootTestWebEnvironment@45820e51], resourceBasePath = 'src/main/webapp', contextLoader = 'org.springframework.boot.test.context.SpringBootContextLoader', parent = [null]], attributes = map['org.springframework.test.context.web.ServletTestExecutionListener.activateListener' -> true, 'org.springframework.test.context.web.ServletTestExecutionListener.populatedRequestContextHolder' -> true, 'org.springframework.test.context.web.ServletTestExecutionListener.resetRequestContextHolder' -> true, 'org.springframework.test.context.event.ApplicationEventsTestExecutionListener.recordApplicationEvents' -> false]]; transaction manager [org.springframework.jdbc.support.JdbcTransactionManager@1d2def55]; rollback [true]
2026-05-05 21:57:08.816  INFO 19588 --- [           main] c.powergateway.service.PortRouteService  : �ַ���ɣ�channelCode=CH_HDR_DISP_1777989428805, costMs=3
2026-05-05 21:57:08.819  INFO 19588 --- [           main] o.s.t.c.transaction.TransactionContext   : Rolled back transaction for test: [DefaultTestContext@54b2d002 testClass = M17HeaderDispatchTest, testInstance = com.powergateway.M17HeaderDispatchTest@af3295f, testMethod = dispatch_channelHeaderConfig_injectedIntoForwardRequest@M17HeaderDispatchTest, testException = [null], mergedContextConfiguration = [WebMergedContextConfiguration@2095c331 testClass = M17HeaderDispatchTest, locations = '{}', classes = '{class com.powergateway.PowergatewayApplication}', contextInitializerClasses = '[]', activeProfiles = '{test}', propertySourceLocations = '{}', propertySourceProperties = '{org.springframework.boot.test.context.SpringBootTestContextBootstrapper=true}', contextCustomizers = set[[ImportsContextCustomizer@3909a854 key = [org.springframework.boot.test.autoconfigure.web.servlet.MockMvcWebDriverAutoConfiguration, org.springframework.boot.test.autoconfigure.web.servlet.MockMvcAutoConfiguration, org.springframework.boot.autoconfigure.security.oauth2.client.servlet.OAuth2ClientAutoConfiguration, org.springframework.boot.autoconfigure.security.servlet.SecurityAutoConfiguration, org.springframework.boot.autoconfigure.security.servlet.SecurityFilterAutoConfiguration, org.springframework.boot.autoconfigure.security.servlet.UserDetailsServiceAutoConfiguration, org.springframework.boot.autoconfigure.security.oauth2.resource.servlet.OAuth2ResourceServerAutoConfiguration, org.springframework.boot.test.autoconfigure.web.servlet.MockMvcSecurityConfiguration, org.springframework.boot.test.autoconfigure.web.servlet.MockMvcWebClientAutoConfiguration, org.springframework.boot.test.autoconfigure.web.reactive.WebTestClientAutoConfiguration]], org.springframework.boot.test.context.filter.ExcludeFilterContextCustomizer@303cf2ba, org.springframework.boot.test.json.DuplicateJsonObjectContextCustomizerFactory$DuplicateJsonObjectContextCustomizer@2b30a42c, org.springframework.boot.test.mock.mockito.MockitoContextCustomizer@0, org.springframework.boot.test.web.client.TestRestTemplateContextCustomizer@4d0d9fe7, org.springframework.boot.test.autoconfigure.actuate.metrics.MetricsExportContextCustomizerFactory$DisableMetricExportContextCustomizer@5a59ca5e, org.springframework.boot.test.autoconfigure.properties.PropertyMappingContextCustomizer@4b3fa0b3, org.springframework.boot.test.autoconfigure.web.servlet.WebDriverContextCustomizerFactory$Customizer@740fb309, org.springframework.boot.test.context.SpringBootTestArgs@1, org.springframework.boot.test.context.SpringBootTestWebEnvironment@45820e51], resourceBasePath = 'src/main/webapp', contextLoader = 'org.springframework.boot.test.context.SpringBootContextLoader', parent = [null]], attributes = map['org.springframework.test.context.web.ServletTestExecutionListener.activateListener' -> true, 'org.springframework.test.context.web.ServletTestExecutionListener.populatedRequestContextHolder' -> true, 'org.springframework.test.context.web.ServletTestExecutionListener.resetRequestContextHolder' -> true, 'org.springframework.test.context.event.ApplicationEventsTestExecutionListener.recordApplicationEvents' -> false]]
2026-05-05 21:57:08.822  INFO 19588 --- [           main] o.s.t.c.transaction.TransactionContext   : Began transaction (1) for test context [DefaultTestContext@54b2d002 testClass = M17HeaderDispatchTest, testInstance = com.powergateway.M17HeaderDispatchTest@24d7657b, testMethod = dispatch_noHeaderConfig_backwardCompatible@M17HeaderDispatchTest, testException = [null], mergedContextConfiguration = [WebMergedContextConfiguration@2095c331 testClass = M17HeaderDispatchTest, locations = '{}', classes = '{class com.powergateway.PowergatewayApplication}', contextInitializerClasses = '[]', activeProfiles = '{test}', propertySourceLocations = '{}', propertySourceProperties = '{org.springframework.boot.test.context.SpringBootTestContextBootstrapper=true}', contextCustomizers = set[[ImportsContextCustomizer@3909a854 key = [org.springframework.boot.test.autoconfigure.web.servlet.MockMvcWebDriverAutoConfiguration, org.springframework.boot.test.autoconfigure.web.servlet.MockMvcAutoConfiguration, org.springframework.boot.autoconfigure.security.oauth2.client.servlet.OAuth2ClientAutoConfiguration, org.springframework.boot.autoconfigure.security.servlet.SecurityAutoConfiguration, org.springframework.boot.autoconfigure.security.servlet.SecurityFilterAutoConfiguration, org.springframework.boot.autoconfigure.security.servlet.UserDetailsServiceAutoConfiguration, org.springframework.boot.autoconfigure.security.oauth2.resource.servlet.OAuth2ResourceServerAutoConfiguration, org.springframework.boot.test.autoconfigure.web.servlet.MockMvcSecurityConfiguration, org.springframework.boot.test.autoconfigure.web.servlet.MockMvcWebClientAutoConfiguration, org.springframework.boot.test.autoconfigure.web.reactive.WebTestClientAutoConfiguration]], org.springframework.boot.test.context.filter.ExcludeFilterContextCustomizer@303cf2ba, org.springframework.boot.test.json.DuplicateJsonObjectContextCustomizerFactory$DuplicateJsonObjectContextCustomizer@2b30a42c, org.springframework.boot.test.mock.mockito.MockitoContextCustomizer@0, org.springframework.boot.test.web.client.TestRestTemplateContextCustomizer@4d0d9fe7, org.springframework.boot.test.autoconfigure.actuate.metrics.MetricsExportContextCustomizerFactory$DisableMetricExportContextCustomizer@5a59ca5e, org.springframework.boot.test.autoconfigure.properties.PropertyMappingContextCustomizer@4b3fa0b3, org.springframework.boot.test.autoconfigure.web.servlet.WebDriverContextCustomizerFactory$Customizer@740fb309, org.springframework.boot.test.context.SpringBootTestArgs@1, org.springframework.boot.test.context.SpringBootTestWebEnvironment@45820e51], resourceBasePath = 'src/main/webapp', contextLoader = 'org.springframework.boot.test.context.SpringBootContextLoader', parent = [null]], attributes = map['org.springframework.test.context.web.ServletTestExecutionListener.activateListener' -> true, 'org.springframework.test.context.web.ServletTestExecutionListener.populatedRequestContextHolder' -> true, 'org.springframework.test.context.web.ServletTestExecutionListener.resetRequestContextHolder' -> true, 'org.springframework.test.context.event.ApplicationEventsTestExecutionListener.recordApplicationEvents' -> false]]; transaction manager [org.springframework.jdbc.support.JdbcTransactionManager@1d2def55]; rollback [true]
2026-05-05 21:57:08.901  INFO 19588 --- [           main] c.powergateway.service.PortRouteService  : �ַ���ɣ�channelCode=CH_HDR_COMPAT_1777989428890, costMs=3
2026-05-05 21:57:08.904  INFO 19588 --- [           main] o.s.t.c.transaction.TransactionContext   : Rolled back transaction for test: [DefaultTestContext@54b2d002 testClass = M17HeaderDispatchTest, testInstance = com.powergateway.M17HeaderDispatchTest@24d7657b, testMethod = dispatch_noHeaderConfig_backwardCompatible@M17HeaderDispatchTest, testException = [null], mergedContextConfiguration = [WebMergedContextConfiguration@2095c331 testClass = M17HeaderDispatchTest, locations = '{}', classes = '{class com.powergateway.PowergatewayApplication}', contextInitializerClasses = '[]', activeProfiles = '{test}', propertySourceLocations = '{}', propertySourceProperties = '{org.springframework.boot.test.context.SpringBootTestContextBootstrapper=true}', contextCustomizers = set[[ImportsContextCustomizer@3909a854 key = [org.springframework.boot.test.autoconfigure.web.servlet.MockMvcWebDriverAutoConfiguration, org.springframework.boot.test.autoconfigure.web.servlet.MockMvcAutoConfiguration, org.springframework.boot.autoconfigure.security.oauth2.client.servlet.OAuth2ClientAutoConfiguration, org.springframework.boot.autoconfigure.security.servlet.SecurityAutoConfiguration, org.springframework.boot.autoconfigure.security.servlet.SecurityFilterAutoConfiguration, org.springframework.boot.autoconfigure.security.servlet.UserDetailsServiceAutoConfiguration, org.springframework.boot.autoconfigure.security.oauth2.resource.servlet.OAuth2ResourceServerAutoConfiguration, org.springframework.boot.test.autoconfigure.web.servlet.MockMvcSecurityConfiguration, org.springframework.boot.test.autoconfigure.web.servlet.MockMvcWebClientAutoConfiguration, org.springframework.boot.test.autoconfigure.web.reactive.WebTestClientAutoConfiguration]], org.springframework.boot.test.context.filter.ExcludeFilterContextCustomizer@303cf2ba, org.springframework.boot.test.json.DuplicateJsonObjectContextCustomizerFactory$DuplicateJsonObjectContextCustomizer@2b30a42c, org.springframework.boot.test.mock.mockito.MockitoContextCustomizer@0, org.springframework.boot.test.web.client.TestRestTemplateContextCustomizer@4d0d9fe7, org.springframework.boot.test.autoconfigure.actuate.metrics.MetricsExportContextCustomizerFactory$DisableMetricExportContextCustomizer@5a59ca5e, org.springframework.boot.test.autoconfigure.properties.PropertyMappingContextCustomizer@4b3fa0b3, org.springframework.boot.test.autoconfigure.web.servlet.WebDriverContextCustomizerFactory$Customizer@740fb309, org.springframework.boot.test.context.SpringBootTestArgs@1, org.springframework.boot.test.context.SpringBootTestWebEnvironment@45820e51], resourceBasePath = 'src/main/webapp', contextLoader = 'org.springframework.boot.test.context.SpringBootContextLoader', parent = [null]], attributes = map['org.springframework.test.context.web.ServletTestExecutionListener.activateListener' -> true, 'org.springframework.test.context.web.ServletTestExecutionListener.populatedRequestContextHolder' -> true, 'org.springframework.test.context.web.ServletTestExecutionListener.resetRequestContextHolder' -> true, 'org.springframework.test.context.event.ApplicationEventsTestExecutionListener.recordApplicationEvents' -> false]]
2026-05-05 21:57:08.906  INFO 19588 --- [           main] .b.t.c.SpringBootTestContextBootstrapper : Neither @ContextConfiguration nor @ContextHierarchy found for test class [com.powergateway.M17PortRouteTest], using SpringBootContextLoader
2026-05-05 21:57:08.907  INFO 19588 --- [           main] o.s.t.c.support.AbstractContextLoader    : Could not detect default resource locations for test class [com.powergateway.M17PortRouteTest]: no resource found for suffixes {-context.xml, Context.groovy}.
2026-05-05 21:57:08.908  INFO 19588 --- [           main] t.c.s.AnnotationConfigContextLoaderUtils : Could not detect default configuration classes for test class [com.powergateway.M17PortRouteTest]: M17PortRouteTest does not declare any static, non-private, non-final, nested classes annotated with @Configuration.
2026-05-05 21:57:08.911  INFO 19588 --- [           main] .b.t.c.SpringBootTestContextBootstrapper : Found @SpringBootConfiguration com.powergateway.PowergatewayApplication for test class com.powergateway.M17PortRouteTest
2026-05-05 21:57:08.912  INFO 19588 --- [           main] .b.t.c.SpringBootTestContextBootstrapper : Loaded default TestExecutionListener class names from location [META-INF/spring.factories]: [org.springframework.boot.test.mock.mockito.MockitoTestExecutionListener, org.springframework.boot.test.mock.mockito.ResetMocksTestExecutionListener, org.springframework.boot.test.autoconfigure.restdocs.RestDocsTestExecutionListener, org.springframework.boot.test.autoconfigure.web.client.MockRestServiceServerResetTestExecutionListener, org.springframework.boot.test.autoconfigure.web.servlet.MockMvcPrintOnlyOnFailureTestExecutionListener, org.springframework.boot.test.autoconfigure.web.servlet.WebDriverTestExecutionListener, org.springframework.boot.test.autoconfigure.webservices.client.MockWebServiceServerTestExecutionListener, org.springframework.test.context.web.ServletTestExecutionListener, org.springframework.test.context.support.DirtiesContextBeforeModesTestExecutionListener, org.springframework.test.context.event.ApplicationEventsTestExecutionListener, org.springframework.test.context.support.DependencyInjectionTestExecutionListener, org.springframework.test.context.support.DirtiesContextTestExecutionListener, org.springframework.test.context.transaction.TransactionalTestExecutionListener, org.springframework.test.context.jdbc.SqlScriptsTestExecutionListener, org.springframework.test.context.event.EventPublishingTestExecutionListener]
2026-05-05 21:57:08.912  INFO 19588 --- [           main] .b.t.c.SpringBootTestContextBootstrapper : Using TestExecutionListeners: [org.springframework.test.context.web.ServletTestExecutionListener@196d684b, org.springframework.test.context.support.DirtiesContextBeforeModesTestExecutionListener@45d38165, org.springframework.test.context.event.ApplicationEventsTestExecutionListener@1f3f434, org.springframework.boot.test.mock.mockito.MockitoTestExecutionListener@26612078, org.springframework.boot.test.autoconfigure.SpringBootDependencyInjectionTestExecutionListener@54bc3bcf, org.springframework.test.context.support.DirtiesContextTestExecutionListener@d3d5094, org.springframework.test.context.transaction.TransactionalTestExecutionListener@13714753, org.springframework.test.context.jdbc.SqlScriptsTestExecutionListener@3c3cd7a5, org.springframework.test.context.event.EventPublishingTestExecutionListener@96be1ae, org.springframework.boot.test.mock.mockito.ResetMocksTestExecutionListener@6eb5b9e7, org.springframework.boot.test.autoconfigure.restdocs.RestDocsTestExecutionListener@77e730bd, org.springframework.boot.test.autoconfigure.web.client.MockRestServiceServerResetTestExecutionListener@2d3c501b, org.springframework.boot.test.autoconfigure.web.servlet.MockMvcPrintOnlyOnFailureTestExecutionListener@7b8cb283, org.springframework.boot.test.autoconfigure.web.servlet.WebDriverTestExecutionListener@38b54694, org.springframework.boot.test.autoconfigure.webservices.client.MockWebServiceServerTestExecutionListener@7619fbe7]
2026-05-05 21:57:09.298  INFO 19588 --- [           main] c.powergateway.service.PortRouteService  : ��ͨ�Բ��ԣ�url=http://mock-b-system/api/receive, status=200
2026-05-05 21:57:09.374  WARN 19588 --- [           main] c.powergateway.service.PortRouteService  : ��ͨ�Բ���ʧ�ܣ�url=http://mock-b-system/api/receive, error=500 Internal Server Error: [no body]
2026-05-05 21:57:09.463  INFO 19588 --- [           main] c.powergateway.service.PortRouteService  : �ַ���ɣ�channelCode=CH_BIDIR_1777989429443, costMs=8
2026-05-05 21:57:09.542  INFO 19588 --- [           main] c.powergateway.service.PortRouteService  : �ַ���ɣ�channelCode=CH_PASSTHRU_1777989429531, costMs=4
2026-05-05 21:57:09.686  WARN 19588 --- [           main] c.p.exception.GlobalExceptionHandler     : ҵ���쳣: code=400, message=����δ�����κ��������ã��޷�·��
2026-05-05 21:57:09.763  WARN 19588 --- [           main] c.p.exception.GlobalExceptionHandler     : ҵ���쳣: code=404, message=����δ���ö˿�·�ɣ�CH_NORT_1777989429755
2026-05-05 21:57:09.844 ERROR 19588 --- [           main] c.powergateway.service.PortRouteService  : ת��ʧ�ܣ�������1�Σ���url=http://mock-b-system/api/receive, error=500 Internal Server Error: [no body]
2026-05-05 21:57:09.844  WARN 19588 --- [           main] c.p.exception.GlobalExceptionHandler     : ҵ���쳣: code=502, message=�˿�ת��ʧ�ܣ�������1�Σ���500 Internal Server Error: [no body]
2026-05-05 21:57:09.913  WARN 19588 --- [           main] c.p.exception.GlobalExceptionHandler     : ҵ���쳣: code=400, message=Դ���� message ����Ϊ��
2026-05-05 21:57:09.983  WARN 19588 --- [           main] c.p.exception.GlobalExceptionHandler     : ҵ���쳣: code=400, message=�������� channelCode ����Ϊ��
2026-05-05 21:57:10.051  WARN 19588 --- [           main] c.p.exception.GlobalExceptionHandler     : ҵ���쳣: code=400, message=Ŀ��˿ڵ�ַ portAddress ����Ϊ��
2026-05-05 21:57:10.350  INFO 19588 --- [           main] .b.t.c.SpringBootTestContextBootstrapper : Neither @ContextConfiguration nor @ContextHierarchy found for test class [com.powergateway.M21DbConnectionControllerTest], using SpringBootContextLoader
2026-05-05 21:57:10.352  INFO 19588 --- [           main] o.s.t.c.support.AbstractContextLoader    : Could not detect default resource locations for test class [com.powergateway.M21DbConnectionControllerTest]: no resource found for suffixes {-context.xml, Context.groovy}.
2026-05-05 21:57:10.353  INFO 19588 --- [           main] t.c.s.AnnotationConfigContextLoaderUtils : Could not detect default configuration classes for test class [com.powergateway.M21DbConnectionControllerTest]: M21DbConnectionControllerTest does not declare any static, non-private, non-final, nested classes annotated with @Configuration.
2026-05-05 21:57:10.357  INFO 19588 --- [           main] .b.t.c.SpringBootTestContextBootstrapper : Found @SpringBootConfiguration com.powergateway.PowergatewayApplication for test class com.powergateway.M21DbConnectionControllerTest
2026-05-05 21:57:10.359  INFO 19588 --- [           main] .b.t.c.SpringBootTestContextBootstrapper : Loaded default TestExecutionListener class names from location [META-INF/spring.factories]: [org.springframework.boot.test.mock.mockito.MockitoTestExecutionListener, org.springframework.boot.test.mock.mockito.ResetMocksTestExecutionListener, org.springframework.boot.test.autoconfigure.restdocs.RestDocsTestExecutionListener, org.springframework.boot.test.autoconfigure.web.client.MockRestServiceServerResetTestExecutionListener, org.springframework.boot.test.autoconfigure.web.servlet.MockMvcPrintOnlyOnFailureTestExecutionListener, org.springframework.boot.test.autoconfigure.web.servlet.WebDriverTestExecutionListener, org.springframework.boot.test.autoconfigure.webservices.client.MockWebServiceServerTestExecutionListener, org.springframework.test.context.web.ServletTestExecutionListener, org.springframework.test.context.support.DirtiesContextBeforeModesTestExecutionListener, org.springframework.test.context.event.ApplicationEventsTestExecutionListener, org.springframework.test.context.support.DependencyInjectionTestExecutionListener, org.springframework.test.context.support.DirtiesContextTestExecutionListener, org.springframework.test.context.transaction.TransactionalTestExecutionListener, org.springframework.test.context.jdbc.SqlScriptsTestExecutionListener, org.springframework.test.context.event.EventPublishingTestExecutionListener]
2026-05-05 21:57:10.359  INFO 19588 --- [           main] .b.t.c.SpringBootTestContextBootstrapper : Using TestExecutionListeners: [org.springframework.test.context.web.ServletTestExecutionListener@19f1be04, org.springframework.test.context.support.DirtiesContextBeforeModesTestExecutionListener@5d6b5d3d, org.springframework.test.context.event.ApplicationEventsTestExecutionListener@464d5365, org.springframework.boot.test.mock.mockito.MockitoTestExecutionListener@38394dc3, org.springframework.boot.test.autoconfigure.SpringBootDependencyInjectionTestExecutionListener@2cacd55e, org.springframework.test.context.support.DirtiesContextTestExecutionListener@2ba9f743, org.springframework.test.context.transaction.TransactionalTestExecutionListener@7535f28, org.springframework.test.context.jdbc.SqlScriptsTestExecutionListener@75f65d54, org.springframework.test.context.event.EventPublishingTestExecutionListener@3f3a6091, org.springframework.boot.test.mock.mockito.ResetMocksTestExecutionListener@5b4d9bda, org.springframework.boot.test.autoconfigure.restdocs.RestDocsTestExecutionListener@467a2584, org.springframework.boot.test.autoconfigure.web.client.MockRestServiceServerResetTestExecutionListener@121dce2, org.springframework.boot.test.autoconfigure.web.servlet.MockMvcPrintOnlyOnFailureTestExecutionListener@6df31abf, org.springframework.boot.test.autoconfigure.web.servlet.WebDriverTestExecutionListener@5a57cf90, org.springframework.boot.test.autoconfigure.webservices.client.MockWebServiceServerTestExecutionListener@4d16975b]
2026-05-05 21:57:10.437  INFO 19588 --- [           main] com.zaxxer.hikari.HikariDataSource       : HikariPool-1 - Starting...
2026-05-05 21:57:10.449  INFO 19588 --- [           main] com.zaxxer.hikari.HikariDataSource       : HikariPool-1 - Start completed.
2026-05-05 21:57:10.449  INFO 19588 --- [           main] c.b.d.d.DynamicRoutingDataSource         : dynamic-datasource - add a datasource named [db_1] success
2026-05-05 21:57:10.541  WARN 19588 --- [           main] c.p.exception.GlobalExceptionHandler     : ҵ���쳣: code=400, message=�½�����ʱ���벻��Ϊ��
2026-05-05 21:57:10.615  INFO 19588 --- [           main] com.zaxxer.hikari.HikariDataSource       : HikariPool-1 - Shutdown initiated...
2026-05-05 21:57:10.616  INFO 19588 --- [           main] com.zaxxer.hikari.HikariDataSource       : HikariPool-1 - Shutdown completed.
2026-05-05 21:57:10.616  INFO 19588 --- [           main] c.b.d.d.DynamicRoutingDataSource         : dynamic-datasource - remove the database named [db_1] success
2026-05-05 21:57:10.616  INFO 19588 --- [           main] com.zaxxer.hikari.HikariDataSource       : HikariPool-2 - Starting...
2026-05-05 21:57:10.617  INFO 19588 --- [           main] com.zaxxer.hikari.HikariDataSource       : HikariPool-2 - Start completed.
2026-05-05 21:57:10.617  INFO 19588 --- [           main] c.b.d.d.DynamicRoutingDataSource         : dynamic-datasource - add a datasource named [db_1] success
2026-05-05 21:57:11.068  WARN 19588 --- [           main] c.p.exception.GlobalExceptionHandler     : ҵ���쳣: code=404, message=���Ӳ�����
2026-05-05 21:57:11.140  INFO 19588 --- [           main] com.zaxxer.hikari.HikariDataSource       : HikariPool-2 - Shutdown initiated...
2026-05-05 21:57:11.140  INFO 19588 --- [           main] com.zaxxer.hikari.HikariDataSource       : HikariPool-2 - Shutdown completed.
2026-05-05 21:57:11.141  INFO 19588 --- [           main] c.b.d.d.DynamicRoutingDataSource         : dynamic-datasource - remove the database named [db_1] success
2026-05-05 21:57:11.213  WARN 19588 --- [           main] c.p.exception.GlobalExceptionHandler     : ҵ���쳣: code=404, message=���Ӳ�����
2026-05-05 21:57:11.283  INFO 19588 --- [           main] .b.t.c.SpringBootTestContextBootstrapper : Neither @ContextConfiguration nor @ContextHierarchy found for test class [com.powergateway.M21DbConnectionServiceTest], using SpringBootContextLoader
2026-05-05 21:57:11.284  INFO 19588 --- [           main] o.s.t.c.support.AbstractContextLoader    : Could not detect default resource locations for test class [com.powergateway.M21DbConnectionServiceTest]: no resource found for suffixes {-context.xml, Context.groovy}.
2026-05-05 21:57:11.284  INFO 19588 --- [           main] t.c.s.AnnotationConfigContextLoaderUtils : Could not detect default configuration classes for test class [com.powergateway.M21DbConnectionServiceTest]: M21DbConnectionServiceTest does not declare any static, non-private, non-final, nested classes annotated with @Configuration.
2026-05-05 21:57:11.286  INFO 19588 --- [           main] .b.t.c.SpringBootTestContextBootstrapper : Found @SpringBootConfiguration com.powergateway.PowergatewayApplication for test class com.powergateway.M21DbConnectionServiceTest
2026-05-05 21:57:11.287  INFO 19588 --- [           main] .b.t.c.SpringBootTestContextBootstrapper : Loaded default TestExecutionListener class names from location [META-INF/spring.factories]: [org.springframework.boot.test.mock.mockito.MockitoTestExecutionListener, org.springframework.boot.test.mock.mockito.ResetMocksTestExecutionListener, org.springframework.boot.test.autoconfigure.restdocs.RestDocsTestExecutionListener, org.springframework.boot.test.autoconfigure.web.client.MockRestServiceServerResetTestExecutionListener, org.springframework.boot.test.autoconfigure.web.servlet.MockMvcPrintOnlyOnFailureTestExecutionListener, org.springframework.boot.test.autoconfigure.web.servlet.WebDriverTestExecutionListener, org.springframework.boot.test.autoconfigure.webservices.client.MockWebServiceServerTestExecutionListener, org.springframework.test.context.web.ServletTestExecutionListener, org.springframework.test.context.support.DirtiesContextBeforeModesTestExecutionListener, org.springframework.test.context.event.ApplicationEventsTestExecutionListener, org.springframework.test.context.support.DependencyInjectionTestExecutionListener, org.springframework.test.context.support.DirtiesContextTestExecutionListener, org.springframework.test.context.transaction.TransactionalTestExecutionListener, org.springframework.test.context.jdbc.SqlScriptsTestExecutionListener, org.springframework.test.context.event.EventPublishingTestExecutionListener]
2026-05-05 21:57:11.287  INFO 19588 --- [           main] .b.t.c.SpringBootTestContextBootstrapper : Using TestExecutionListeners: [org.springframework.test.context.web.ServletTestExecutionListener@6b15e68c, org.springframework.test.context.support.DirtiesContextBeforeModesTestExecutionListener@79a68657, org.springframework.test.context.event.ApplicationEventsTestExecutionListener@8dbf0f2, org.springframework.boot.test.mock.mockito.MockitoTestExecutionListener@59d0fac9, org.springframework.boot.test.autoconfigure.SpringBootDependencyInjectionTestExecutionListener@1d3546f9, org.springframework.test.context.support.DirtiesContextTestExecutionListener@50ecef36, org.springframework.test.context.transaction.TransactionalTestExecutionListener@767d9b9, org.springframework.test.context.jdbc.SqlScriptsTestExecutionListener@593f7d2e, org.springframework.test.context.event.EventPublishingTestExecutionListener@6e8aea7e, org.springframework.boot.test.mock.mockito.ResetMocksTestExecutionListener@59282dc6, org.springframework.boot.test.autoconfigure.restdocs.RestDocsTestExecutionListener@603b9d4b, org.springframework.boot.test.autoconfigure.web.client.MockRestServiceServerResetTestExecutionListener@42cf5a6f, org.springframework.boot.test.autoconfigure.web.servlet.MockMvcPrintOnlyOnFailureTestExecutionListener@7b2f8152, org.springframework.boot.test.autoconfigure.web.servlet.WebDriverTestExecutionListener@6371c5ec, org.springframework.boot.test.autoconfigure.webservices.client.MockWebServiceServerTestExecutionListener@5f9ccd0c]

  .   ____          _            __ _ _
 /\\ / ___'_ __ _ _(_)_ __  __ _ \ \ \ \
( ( )\___ | '_ | '_| | '_ \/ _` | \ \ \ \
 \\/  ___)| |_)| | | | | || (_| |  ) ) ) )
  '  |____| .__|_| |_|_| |_\__, | / / / /
 =========|_|==============|___/=/_/_/_/
 :: Spring Boot ::               (v2.7.18)

2026-05-05 21:57:11.316  INFO 19588 --- [           main] c.p.M21DbConnectionServiceTest           : Starting M21DbConnectionServiceTest using Java 1.8.0_311 on LAPTOP-5CF11N0F with PID 19588 (started by 69218 in D:\Project\powergateway\backend)
2026-05-05 21:57:11.317  INFO 19588 --- [           main] c.p.M21DbConnectionServiceTest           : The following 1 profile is active: "test"
2026-05-05 21:57:11.658  INFO 19588 --- [           main] trationDelegate$BeanPostProcessorChecker : Bean 'spring.datasource.dynamic-com.baomidou.dynamic.datasource.spring.boot.autoconfigure.DynamicDataSourceProperties' of type [com.baomidou.dynamic.datasource.spring.boot.autoconfigure.DynamicDataSourceProperties] is not eligible for getting processed by all BeanPostProcessors (for example: not eligible for auto-proxying)
2026-05-05 21:57:11.663  INFO 19588 --- [           main] trationDelegate$BeanPostProcessorChecker : Bean 'com.baomidou.dynamic.datasource.spring.boot.autoconfigure.DynamicDataSourceAutoConfiguration' of type [com.baomidou.dynamic.datasource.spring.boot.autoconfigure.DynamicDataSourceAutoConfiguration$$EnhancerBySpringCGLIB$$df2e80a4] is not eligible for getting processed by all BeanPostProcessors (for example: not eligible for auto-proxying)
2026-05-05 21:57:11.670  INFO 19588 --- [           main] trationDelegate$BeanPostProcessorChecker : Bean 'dsProcessor' of type [com.baomidou.dynamic.datasource.processor.DsHeaderProcessor] is not eligible for getting processed by all BeanPostProcessors (for example: not eligible for auto-proxying)
2026-05-05 21:57:11.722  INFO 19588 --- [           main] com.zaxxer.hikari.HikariDataSource       : master - Starting...
2026-05-05 21:57:11.723  INFO 19588 --- [           main] com.zaxxer.hikari.HikariDataSource       : master - Start completed.
2026-05-05 21:57:11.725  INFO 19588 --- [           main] com.zaxxer.hikari.HikariDataSource       : audit - Starting...
2026-05-05 21:57:11.726  INFO 19588 --- [           main] com.zaxxer.hikari.HikariDataSource       : audit - Start completed.
2026-05-05 21:57:11.726  INFO 19588 --- [           main] c.b.d.d.DynamicRoutingDataSource         : dynamic-datasource - add a datasource named [audit] success
2026-05-05 21:57:11.726  INFO 19588 --- [           main] c.b.d.d.DynamicRoutingDataSource         : dynamic-datasource - add a datasource named [master] success
2026-05-05 21:57:11.726  INFO 19588 --- [           main] c.b.d.d.DynamicRoutingDataSource         : dynamic-datasource initial loaded [2] datasource,primary datasource named [master]
 _ _   |_  _ _|_. ___ _ |    _ 
| | |\/|_)(_| | |_\  |_)||_|_\ 
     /               |         
                        3.5.7 
____ ____    ___ ____ _  _ ____ _  _ 
[__  |__| __  |  |  | |_/  |___ |\ | 
___] |  |     |  |__| | \_ |___ | \| 
https://sa-token.cc (v1.37.0)
2026-05-05 21:57:13.056  INFO 19588 --- [           main] c.p.M21DbConnectionServiceTest           : Started M21DbConnectionServiceTest in 1.768 seconds (JVM running for 15.403)
2026-05-05 21:57:13.124  INFO 19588 --- [           main] com.powergateway.config.DataInitializer  : ��Ԥ�ù���Ա�˺ţ�admin / Admin@123
2026-05-05 21:57:13.131  INFO 19588 --- [           main] com.zaxxer.hikari.HikariDataSource       : HikariPool-3 - Starting...
2026-05-05 21:57:13.132  INFO 19588 --- [           main] com.zaxxer.hikari.HikariDataSource       : HikariPool-3 - Start completed.
2026-05-05 21:57:13.132  INFO 19588 --- [           main] c.b.d.d.DynamicRoutingDataSource         : dynamic-datasource - add a datasource named [db_1] success
2026-05-05 21:57:13.143  INFO 19588 --- [           main] com.zaxxer.hikari.HikariDataSource       : HikariPool-3 - Shutdown initiated...
2026-05-05 21:57:13.143  INFO 19588 --- [           main] com.zaxxer.hikari.HikariDataSource       : HikariPool-3 - Shutdown completed.
2026-05-05 21:57:13.143  INFO 19588 --- [           main] c.b.d.d.DynamicRoutingDataSource         : dynamic-datasource - remove the database named [db_1] success
2026-05-05 21:57:13.144  INFO 19588 --- [           main] com.zaxxer.hikari.HikariDataSource       : HikariPool-4 - Starting...
2026-05-05 21:57:13.145  INFO 19588 --- [           main] com.zaxxer.hikari.HikariDataSource       : HikariPool-4 - Start completed.
2026-05-05 21:57:13.145  INFO 19588 --- [           main] c.b.d.d.DynamicRoutingDataSource         : dynamic-datasource - add a datasource named [db_1] success
2026-05-05 21:57:13.150  INFO 19588 --- [           main] com.zaxxer.hikari.HikariDataSource       : HikariPool-4 - Shutdown initiated...
2026-05-05 21:57:13.150  INFO 19588 --- [           main] com.zaxxer.hikari.HikariDataSource       : HikariPool-4 - Shutdown completed.
2026-05-05 21:57:13.150  INFO 19588 --- [           main] c.b.d.d.DynamicRoutingDataSource         : dynamic-datasource - remove the database named [db_1] success
2026-05-05 21:57:13.155  INFO 19588 --- [           main] .b.t.c.SpringBootTestContextBootstrapper : Neither @ContextConfiguration nor @ContextHierarchy found for test class [com.powergateway.M22TableMetaTest], using SpringBootContextLoader
2026-05-05 21:57:13.156  INFO 19588 --- [           main] o.s.t.c.support.AbstractContextLoader    : Could not detect default resource locations for test class [com.powergateway.M22TableMetaTest]: no resource found for suffixes {-context.xml, Context.groovy}.
2026-05-05 21:57:13.156  INFO 19588 --- [           main] t.c.s.AnnotationConfigContextLoaderUtils : Could not detect default configuration classes for test class [com.powergateway.M22TableMetaTest]: M22TableMetaTest does not declare any static, non-private, non-final, nested classes annotated with @Configuration.
2026-05-05 21:57:13.160  INFO 19588 --- [           main] .b.t.c.SpringBootTestContextBootstrapper : Found @SpringBootConfiguration com.powergateway.PowergatewayApplication for test class com.powergateway.M22TableMetaTest
2026-05-05 21:57:13.162  INFO 19588 --- [           main] .b.t.c.SpringBootTestContextBootstrapper : Loaded default TestExecutionListener class names from location [META-INF/spring.factories]: [org.springframework.boot.test.mock.mockito.MockitoTestExecutionListener, org.springframework.boot.test.mock.mockito.ResetMocksTestExecutionListener, org.springframework.boot.test.autoconfigure.restdocs.RestDocsTestExecutionListener, org.springframework.boot.test.autoconfigure.web.client.MockRestServiceServerResetTestExecutionListener, org.springframework.boot.test.autoconfigure.web.servlet.MockMvcPrintOnlyOnFailureTestExecutionListener, org.springframework.boot.test.autoconfigure.web.servlet.WebDriverTestExecutionListener, org.springframework.boot.test.autoconfigure.webservices.client.MockWebServiceServerTestExecutionListener, org.springframework.test.context.web.ServletTestExecutionListener, org.springframework.test.context.support.DirtiesContextBeforeModesTestExecutionListener, org.springframework.test.context.event.ApplicationEventsTestExecutionListener, org.springframework.test.context.support.DependencyInjectionTestExecutionListener, org.springframework.test.context.support.DirtiesContextTestExecutionListener, org.springframework.test.context.transaction.TransactionalTestExecutionListener, org.springframework.test.context.jdbc.SqlScriptsTestExecutionListener, org.springframework.test.context.event.EventPublishingTestExecutionListener]
2026-05-05 21:57:13.162  INFO 19588 --- [           main] .b.t.c.SpringBootTestContextBootstrapper : Using TestExecutionListeners: [org.springframework.test.context.web.ServletTestExecutionListener@9976b27, org.springframework.test.context.support.DirtiesContextBeforeModesTestExecutionListener@4fe9a396, org.springframework.test.context.event.ApplicationEventsTestExecutionListener@462b239f, org.springframework.boot.test.mock.mockito.MockitoTestExecutionListener@1fa29b9e, org.springframework.boot.test.autoconfigure.SpringBootDependencyInjectionTestExecutionListener@2d5e051e, org.springframework.test.context.support.DirtiesContextTestExecutionListener@2f29e630, org.springframework.test.context.transaction.TransactionalTestExecutionListener@30811f91, org.springframework.test.context.jdbc.SqlScriptsTestExecutionListener@3bf40c74, org.springframework.test.context.event.EventPublishingTestExecutionListener@665f88e1, org.springframework.boot.test.mock.mockito.ResetMocksTestExecutionListener@6a7ea7c, org.springframework.boot.test.autoconfigure.restdocs.RestDocsTestExecutionListener@3ee200ae, org.springframework.boot.test.autoconfigure.web.client.MockRestServiceServerResetTestExecutionListener@25ee3caa, org.springframework.boot.test.autoconfigure.web.servlet.MockMvcPrintOnlyOnFailureTestExecutionListener@3fecb076, org.springframework.boot.test.autoconfigure.web.servlet.WebDriverTestExecutionListener@62159fd, org.springframework.boot.test.autoconfigure.webservices.client.MockWebServiceServerTestExecutionListener@28e8dee7]
2026-05-05 21:57:14.254  WARN 19588 --- [           main] c.p.exception.GlobalExceptionHandler     : ҵ���쳣: code=404, message=���ݿ����Ӳ�����
2026-05-05 21:57:14.326  INFO 19588 --- [           main] .b.t.c.SpringBootTestContextBootstrapper : Neither @ContextConfiguration nor @ContextHierarchy found for test class [com.powergateway.M23QueryConfigTest], using SpringBootContextLoader
2026-05-05 21:57:14.327  INFO 19588 --- [           main] o.s.t.c.support.AbstractContextLoader    : Could not detect default resource locations for test class [com.powergateway.M23QueryConfigTest]: no resource found for suffixes {-context.xml, Context.groovy}.
2026-05-05 21:57:14.327  INFO 19588 --- [           main] t.c.s.AnnotationConfigContextLoaderUtils : Could not detect default configuration classes for test class [com.powergateway.M23QueryConfigTest]: M23QueryConfigTest does not declare any static, non-private, non-final, nested classes annotated with @Configuration.
2026-05-05 21:57:14.331  INFO 19588 --- [           main] .b.t.c.SpringBootTestContextBootstrapper : Found @SpringBootConfiguration com.powergateway.PowergatewayApplication for test class com.powergateway.M23QueryConfigTest
2026-05-05 21:57:14.333  INFO 19588 --- [           main] .b.t.c.SpringBootTestContextBootstrapper : Loaded default TestExecutionListener class names from location [META-INF/spring.factories]: [org.springframework.boot.test.mock.mockito.MockitoTestExecutionListener, org.springframework.boot.test.mock.mockito.ResetMocksTestExecutionListener, org.springframework.boot.test.autoconfigure.restdocs.RestDocsTestExecutionListener, org.springframework.boot.test.autoconfigure.web.client.MockRestServiceServerResetTestExecutionListener, org.springframework.boot.test.autoconfigure.web.servlet.MockMvcPrintOnlyOnFailureTestExecutionListener, org.springframework.boot.test.autoconfigure.web.servlet.WebDriverTestExecutionListener, org.springframework.boot.test.autoconfigure.webservices.client.MockWebServiceServerTestExecutionListener, org.springframework.test.context.web.ServletTestExecutionListener, org.springframework.test.context.support.DirtiesContextBeforeModesTestExecutionListener, org.springframework.test.context.event.ApplicationEventsTestExecutionListener, org.springframework.test.context.support.DependencyInjectionTestExecutionListener, org.springframework.test.context.support.DirtiesContextTestExecutionListener, org.springframework.test.context.transaction.TransactionalTestExecutionListener, org.springframework.test.context.jdbc.SqlScriptsTestExecutionListener, org.springframework.test.context.event.EventPublishingTestExecutionListener]
2026-05-05 21:57:14.334  INFO 19588 --- [           main] .b.t.c.SpringBootTestContextBootstrapper : Using TestExecutionListeners: [org.springframework.test.context.web.ServletTestExecutionListener@3182143c, org.springframework.test.context.support.DirtiesContextBeforeModesTestExecutionListener@7cb38a6a, org.springframework.test.context.event.ApplicationEventsTestExecutionListener@7983a5d5, org.springframework.boot.test.mock.mockito.MockitoTestExecutionListener@3113595e, org.springframework.boot.test.autoconfigure.SpringBootDependencyInjectionTestExecutionListener@109188b4, org.springframework.test.context.support.DirtiesContextTestExecutionListener@7091a016, org.springframework.test.context.transaction.TransactionalTestExecutionListener@14580edc, org.springframework.test.context.jdbc.SqlScriptsTestExecutionListener@3f2a7ca0, org.springframework.test.context.event.EventPublishingTestExecutionListener@23e297d9, org.springframework.boot.test.mock.mockito.ResetMocksTestExecutionListener@5e8e02a3, org.springframework.boot.test.autoconfigure.restdocs.RestDocsTestExecutionListener@a74c940, org.springframework.boot.test.autoconfigure.web.client.MockRestServiceServerResetTestExecutionListener@66576bd2, org.springframework.boot.test.autoconfigure.web.servlet.MockMvcPrintOnlyOnFailureTestExecutionListener@51bc649e, org.springframework.boot.test.autoconfigure.web.servlet.WebDriverTestExecutionListener@7f09ff10, org.springframework.boot.test.autoconfigure.webservices.client.MockWebServiceServerTestExecutionListener@531b1778]
2026-05-05 21:57:14.568  INFO 19588 --- [           main] c.p.service.InterfaceConfigService       : [M2-3] Ԥ�� SQL: SELECT u.id AS userId, u.username AS username FROM sys_user u LIMIT 10
2026-05-05 21:57:14.641  INFO 19588 --- [           main] c.p.service.InterfaceConfigService       : [M2-3] Ԥ�� SQL: SELECT u.id AS userId, u.username AS username FROM sys_user u WHERE u.username = ? LIMIT 10
2026-05-05 21:57:14.717  INFO 19588 --- [           main] c.p.service.InterfaceConfigService       : [M2-3] Ԥ�� SQL: SELECT u.id AS userId, u.username AS username FROM sys_user u LEFT JOIN interface_config ic ON u.id = ic.db_connection_id LIMIT 10
2026-05-05 21:57:14.789  WARN 19588 --- [           main] c.p.exception.GlobalExceptionHandler     : ҵ���쳣: code=400, message=�ӿ����Ʋ���Ϊ��
2026-05-05 21:57:14.859  WARN 19588 --- [           main] c.p.exception.GlobalExceptionHandler     : ҵ���쳣: code=404, message=�ӿ����ò�����
2026-05-05 21:57:14.931  INFO 19588 --- [           main] .b.t.c.SpringBootTestContextBootstrapper : Neither @ContextConfiguration nor @ContextHierarchy found for test class [com.powergateway.M24InsertConfigTest], using SpringBootContextLoader
2026-05-05 21:57:14.932  INFO 19588 --- [           main] o.s.t.c.support.AbstractContextLoader    : Could not detect default resource locations for test class [com.powergateway.M24InsertConfigTest]: no resource found for suffixes {-context.xml, Context.groovy}.
2026-05-05 21:57:14.933  INFO 19588 --- [           main] t.c.s.AnnotationConfigContextLoaderUtils : Could not detect default configuration classes for test class [com.powergateway.M24InsertConfigTest]: M24InsertConfigTest does not declare any static, non-private, non-final, nested classes annotated with @Configuration.
2026-05-05 21:57:14.936  INFO 19588 --- [           main] .b.t.c.SpringBootTestContextBootstrapper : Found @SpringBootConfiguration com.powergateway.PowergatewayApplication for test class com.powergateway.M24InsertConfigTest
2026-05-05 21:57:14.937  INFO 19588 --- [           main] .b.t.c.SpringBootTestContextBootstrapper : Loaded default TestExecutionListener class names from location [META-INF/spring.factories]: [org.springframework.boot.test.mock.mockito.MockitoTestExecutionListener, org.springframework.boot.test.mock.mockito.ResetMocksTestExecutionListener, org.springframework.boot.test.autoconfigure.restdocs.RestDocsTestExecutionListener, org.springframework.boot.test.autoconfigure.web.client.MockRestServiceServerResetTestExecutionListener, org.springframework.boot.test.autoconfigure.web.servlet.MockMvcPrintOnlyOnFailureTestExecutionListener, org.springframework.boot.test.autoconfigure.web.servlet.WebDriverTestExecutionListener, org.springframework.boot.test.autoconfigure.webservices.client.MockWebServiceServerTestExecutionListener, org.springframework.test.context.web.ServletTestExecutionListener, org.springframework.test.context.support.DirtiesContextBeforeModesTestExecutionListener, org.springframework.test.context.event.ApplicationEventsTestExecutionListener, org.springframework.test.context.support.DependencyInjectionTestExecutionListener, org.springframework.test.context.support.DirtiesContextTestExecutionListener, org.springframework.test.context.transaction.TransactionalTestExecutionListener, org.springframework.test.context.jdbc.SqlScriptsTestExecutionListener, org.springframework.test.context.event.EventPublishingTestExecutionListener]
2026-05-05 21:57:14.938  INFO 19588 --- [           main] .b.t.c.SpringBootTestContextBootstrapper : Using TestExecutionListeners: [org.springframework.test.context.web.ServletTestExecutionListener@1e49a77e, org.springframework.test.context.support.DirtiesContextBeforeModesTestExecutionListener@57466fb7, org.springframework.test.context.event.ApplicationEventsTestExecutionListener@7891742e, org.springframework.boot.test.mock.mockito.MockitoTestExecutionListener@2bbaf983, org.springframework.boot.test.autoconfigure.SpringBootDependencyInjectionTestExecutionListener@781bd9dd, org.springframework.test.context.support.DirtiesContextTestExecutionListener@1cc42abe, org.springframework.test.context.transaction.TransactionalTestExecutionListener@6f071d0c, org.springframework.test.context.jdbc.SqlScriptsTestExecutionListener@138d978e, org.springframework.test.context.event.EventPublishingTestExecutionListener@357e7113, org.springframework.boot.test.mock.mockito.ResetMocksTestExecutionListener@8d23cd8, org.springframework.boot.test.autoconfigure.restdocs.RestDocsTestExecutionListener@5feaafb3, org.springframework.boot.test.autoconfigure.web.client.MockRestServiceServerResetTestExecutionListener@20a46227, org.springframework.boot.test.autoconfigure.web.servlet.MockMvcPrintOnlyOnFailureTestExecutionListener@669469c9, org.springframework.boot.test.autoconfigure.web.servlet.WebDriverTestExecutionListener@7f39ad3f, org.springframework.boot.test.autoconfigure.webservices.client.MockWebServiceServerTestExecutionListener@7524125c]
2026-05-05 21:57:15.099  INFO 19588 --- [           main] c.p.service.InterfaceConfigService       : [M2-4] ִ�� INSERT���ӿ� id=7����1�ű�
2026-05-05 21:57:15.100  INFO 19588 --- [           main] c.p.service.InterfaceConfigService       : [M2-4] SQL: INSERT INTO m24_order (user_id, total_amount) VALUES (?, ?)
2026-05-05 21:57:15.179  INFO 19588 --- [           main] c.p.service.InterfaceConfigService       : [M2-4] ִ�� INSERT���ӿ� id=8����1�ű�
2026-05-05 21:57:15.180  INFO 19588 --- [           main] c.p.service.InterfaceConfigService       : [M2-4] SQL: INSERT INTO m24_order (user_id, total_amount) VALUES (?, ?)
2026-05-05 21:57:15.261  INFO 19588 --- [           main] c.p.service.InterfaceConfigService       : [M2-4] ִ�� INSERT���ӿ� id=9����2�ű�
2026-05-05 21:57:15.262  INFO 19588 --- [           main] c.p.service.InterfaceConfigService       : [M2-4] SQL: INSERT INTO m24_order (user_id, total_amount) VALUES (?, ?)
2026-05-05 21:57:15.262  INFO 19588 --- [           main] c.p.service.InterfaceConfigService       : [M2-4] SQL: INSERT INTO m24_item (item_code, amount) VALUES (?, ?)
2026-05-05 21:57:15.340  INFO 19588 --- [           main] c.p.service.InterfaceConfigService       : [M2-4] ִ�� INSERT���ӿ� id=10����2�ű�
2026-05-05 21:57:15.341  INFO 19588 --- [           main] c.p.service.InterfaceConfigService       : [M2-4] SQL: INSERT INTO m24_order (user_id, total_amount) VALUES (?, ?)
2026-05-05 21:57:15.341  INFO 19588 --- [           main] c.p.service.InterfaceConfigService       : [M2-4] SQL: INSERT INTO m24_item (item_code, amount) VALUES (?, ?)
2026-05-05 21:57:15.342  WARN 19588 --- [           main] c.p.exception.GlobalExceptionHandler     : ҵ���쳣: code=500, message=����ִ��ʧ�ܣ��ѻع�: Unique index or primary key violation: "PUBLIC.CONSTRAINT_INDEX_F ON PUBLIC.M24_ITEM(ITEM_CODE NULLS FIRST) VALUES ( /* 1 */ 'DUPLICATE-CODE' )"; SQL statement:
INSERT INTO m24_item (item_code, amount) VALUES (?, ?) [23505-214]
2026-05-05 21:57:15.417  INFO 19588 --- [           main] c.p.service.InterfaceConfigService       : [M2-4] ִ�� INSERT���ӿ� id=11����1�ű�
2026-05-05 21:57:15.418  INFO 19588 --- [           main] c.p.service.InterfaceConfigService       : [M2-4] SQL: INSERT INTO m24_order (user_id, total_amount) VALUES (?, ?)
2026-05-05 21:57:15.419  WARN 19588 --- [           main] c.p.exception.GlobalExceptionHandler     : ҵ���쳣: code=500, message=����ִ��ʧ�ܣ��ѻع�: NULL not allowed for column "USER_ID"; SQL statement:
INSERT INTO m24_order (user_id, total_amount) VALUES (?, ?) [23502-214]
2026-05-05 21:57:15.491  INFO 19588 --- [           main] .b.t.c.SpringBootTestContextBootstrapper : Neither @ContextConfiguration nor @ContextHierarchy found for test class [com.powergateway.M25UpdateConfigTest], using SpringBootContextLoader
2026-05-05 21:57:15.492  INFO 19588 --- [           main] o.s.t.c.support.AbstractContextLoader    : Could not detect default resource locations for test class [com.powergateway.M25UpdateConfigTest]: no resource found for suffixes {-context.xml, Context.groovy}.
2026-05-05 21:57:15.492  INFO 19588 --- [           main] t.c.s.AnnotationConfigContextLoaderUtils : Could not detect default configuration classes for test class [com.powergateway.M25UpdateConfigTest]: M25UpdateConfigTest does not declare any static, non-private, non-final, nested classes annotated with @Configuration.
2026-05-05 21:57:15.495  INFO 19588 --- [           main] .b.t.c.SpringBootTestContextBootstrapper : Found @SpringBootConfiguration com.powergateway.PowergatewayApplication for test class com.powergateway.M25UpdateConfigTest
2026-05-05 21:57:15.497  INFO 19588 --- [           main] .b.t.c.SpringBootTestContextBootstrapper : Loaded default TestExecutionListener class names from location [META-INF/spring.factories]: [org.springframework.boot.test.mock.mockito.MockitoTestExecutionListener, org.springframework.boot.test.mock.mockito.ResetMocksTestExecutionListener, org.springframework.boot.test.autoconfigure.restdocs.RestDocsTestExecutionListener, org.springframework.boot.test.autoconfigure.web.client.MockRestServiceServerResetTestExecutionListener, org.springframework.boot.test.autoconfigure.web.servlet.MockMvcPrintOnlyOnFailureTestExecutionListener, org.springframework.boot.test.autoconfigure.web.servlet.WebDriverTestExecutionListener, org.springframework.boot.test.autoconfigure.webservices.client.MockWebServiceServerTestExecutionListener, org.springframework.test.context.web.ServletTestExecutionListener, org.springframework.test.context.support.DirtiesContextBeforeModesTestExecutionListener, org.springframework.test.context.event.ApplicationEventsTestExecutionListener, org.springframework.test.context.support.DependencyInjectionTestExecutionListener, org.springframework.test.context.support.DirtiesContextTestExecutionListener, org.springframework.test.context.transaction.TransactionalTestExecutionListener, org.springframework.test.context.jdbc.SqlScriptsTestExecutionListener, org.springframework.test.context.event.EventPublishingTestExecutionListener]
2026-05-05 21:57:15.497  INFO 19588 --- [           main] .b.t.c.SpringBootTestContextBootstrapper : Using TestExecutionListeners: [org.springframework.test.context.web.ServletTestExecutionListener@a1e578f, org.springframework.test.context.support.DirtiesContextBeforeModesTestExecutionListener@707b38a1, org.springframework.test.context.event.ApplicationEventsTestExecutionListener@3f267e1b, org.springframework.boot.test.mock.mockito.MockitoTestExecutionListener@f245168, org.springframework.boot.test.autoconfigure.SpringBootDependencyInjectionTestExecutionListener@77fecd2c, org.springframework.test.context.support.DirtiesContextTestExecutionListener@5ee95d42, org.springframework.test.context.transaction.TransactionalTestExecutionListener@52b32622, org.springframework.test.context.jdbc.SqlScriptsTestExecutionListener@7fb1820d, org.springframework.test.context.event.EventPublishingTestExecutionListener@7e27b77a, org.springframework.boot.test.mock.mockito.ResetMocksTestExecutionListener@6a30f6b1, org.springframework.boot.test.autoconfigure.restdocs.RestDocsTestExecutionListener@21f94fe3, org.springframework.boot.test.autoconfigure.web.client.MockRestServiceServerResetTestExecutionListener@52ab003b, org.springframework.boot.test.autoconfigure.web.servlet.MockMvcPrintOnlyOnFailureTestExecutionListener@1174e173, org.springframework.boot.test.autoconfigure.web.servlet.WebDriverTestExecutionListener@7c1c0892, org.springframework.boot.test.autoconfigure.webservices.client.MockWebServiceServerTestExecutionListener@1771d6a5]
2026-05-05 21:57:15.605  INFO 19588 --- [           main] c.p.service.InterfaceConfigService       : [M2-5] ִ�� UPDATE���ӿ� id=13����1�ű�
2026-05-05 21:57:15.609  INFO 19588 --- [           main] c.p.service.InterfaceConfigService       : [M2-5] SQL: UPDATE m25_product SET category = ? WHERE id = ?
2026-05-05 21:57:15.623  INFO 19588 --- [           main] c.p.service.InterfaceConfigService       : [M2-5] ִ�� UPDATE���ӿ� id=14����1�ű�
2026-05-05 21:57:15.624  INFO 19588 --- [           main] c.p.service.InterfaceConfigService       : [M2-5] SQL: UPDATE m25_product SET category = ? WHERE id = ?
2026-05-05 21:57:15.639  INFO 19588 --- [           main] c.p.service.InterfaceConfigService       : [M2-5] ִ�� UPDATE���ӿ� id=15����2�ű�
2026-05-05 21:57:15.640  INFO 19588 --- [           main] c.p.service.InterfaceConfigService       : [M2-5] SQL: UPDATE m25_product SET price = ? WHERE id = ?
2026-05-05 21:57:15.641  INFO 19588 --- [           main] c.p.service.InterfaceConfigService       : [M2-5] SQL: UPDATE m25_inventory SET stock = ? WHERE product_id = ?
2026-05-05 21:57:15.655  INFO 19588 --- [           main] c.p.service.InterfaceConfigService       : [M2-5] ִ�� UPDATE���ӿ� id=16����1�ű�
2026-05-05 21:57:15.656  INFO 19588 --- [           main] c.p.service.InterfaceConfigService       : [M2-5] SQL: UPDATE m25_product SET price = ? WHERE id = ?
2026-05-05 21:57:16.170  WARN 19588 --- [           main] c.p.exception.GlobalExceptionHandler     : ҵ���쳣: code=400, message=UPDATE �ӿڱ������� WHERE ����
2026-05-05 21:57:16.175  WARN 19588 --- [           main] c.p.exception.GlobalExceptionHandler     : ҵ���쳣: code=400, message=UPDATE �ӿڵ� WHERE �����б������ٰ���һ��������Ψһ�����ֶ�
2026-05-05 21:57:16.191  INFO 19588 --- [           main] c.p.service.InterfaceConfigService       : [M2-5] ִ�� UPDATE���ӿ� id=17����2�ű�
2026-05-05 21:57:16.192  INFO 19588 --- [           main] c.p.service.InterfaceConfigService       : [M2-5] SQL: UPDATE m25_product SET price = ? WHERE id = ?
2026-05-05 21:57:16.192  INFO 19588 --- [           main] c.p.service.InterfaceConfigService       : [M2-5] SQL: UPDATE m25_inventory SET nonexistent_col = ? WHERE product_id = ?
2026-05-05 21:57:16.193  WARN 19588 --- [           main] c.p.exception.GlobalExceptionHandler     : ҵ���쳣: code=500, message=�޸�ִ��ʧ�ܣ��ѻع�: Column "NONEXISTENT_COL" not found; SQL statement:
UPDATE m25_inventory SET nonexistent_col = ? WHERE product_id = ? [42122-214]
2026-05-05 21:57:16.204  INFO 19588 --- [           main] .b.t.c.SpringBootTestContextBootstrapper : Neither @ContextConfiguration nor @ContextHierarchy found for test class [com.powergateway.M26DeleteConfigTest], using SpringBootContextLoader
2026-05-05 21:57:16.205  INFO 19588 --- [           main] o.s.t.c.support.AbstractContextLoader    : Could not detect default resource locations for test class [com.powergateway.M26DeleteConfigTest]: no resource found for suffixes {-context.xml, Context.groovy}.
2026-05-05 21:57:16.205  INFO 19588 --- [           main] t.c.s.AnnotationConfigContextLoaderUtils : Could not detect default configuration classes for test class [com.powergateway.M26DeleteConfigTest]: M26DeleteConfigTest does not declare any static, non-private, non-final, nested classes annotated with @Configuration.
2026-05-05 21:57:16.208  INFO 19588 --- [           main] .b.t.c.SpringBootTestContextBootstrapper : Found @SpringBootConfiguration com.powergateway.PowergatewayApplication for test class com.powergateway.M26DeleteConfigTest
2026-05-05 21:57:16.209  INFO 19588 --- [           main] .b.t.c.SpringBootTestContextBootstrapper : Loaded default TestExecutionListener class names from location [META-INF/spring.factories]: [org.springframework.boot.test.mock.mockito.MockitoTestExecutionListener, org.springframework.boot.test.mock.mockito.ResetMocksTestExecutionListener, org.springframework.boot.test.autoconfigure.restdocs.RestDocsTestExecutionListener, org.springframework.boot.test.autoconfigure.web.client.MockRestServiceServerResetTestExecutionListener, org.springframework.boot.test.autoconfigure.web.servlet.MockMvcPrintOnlyOnFailureTestExecutionListener, org.springframework.boot.test.autoconfigure.web.servlet.WebDriverTestExecutionListener, org.springframework.boot.test.autoconfigure.webservices.client.MockWebServiceServerTestExecutionListener, org.springframework.test.context.web.ServletTestExecutionListener, org.springframework.test.context.support.DirtiesContextBeforeModesTestExecutionListener, org.springframework.test.context.event.ApplicationEventsTestExecutionListener, org.springframework.test.context.support.DependencyInjectionTestExecutionListener, org.springframework.test.context.support.DirtiesContextTestExecutionListener, org.springframework.test.context.transaction.TransactionalTestExecutionListener, org.springframework.test.context.jdbc.SqlScriptsTestExecutionListener, org.springframework.test.context.event.EventPublishingTestExecutionListener]
2026-05-05 21:57:16.210  INFO 19588 --- [           main] .b.t.c.SpringBootTestContextBootstrapper : Using TestExecutionListeners: [org.springframework.test.context.web.ServletTestExecutionListener@64de9fa4, org.springframework.test.context.support.DirtiesContextBeforeModesTestExecutionListener@15a5cc6e, org.springframework.test.context.event.ApplicationEventsTestExecutionListener@4a65c40, org.springframework.boot.test.mock.mockito.MockitoTestExecutionListener@4fc84c92, org.springframework.boot.test.autoconfigure.SpringBootDependencyInjectionTestExecutionListener@5f7bd970, org.springframework.test.context.support.DirtiesContextTestExecutionListener@6406b84d, org.springframework.test.context.transaction.TransactionalTestExecutionListener@5274acd1, org.springframework.test.context.jdbc.SqlScriptsTestExecutionListener@5fd5d6d1, org.springframework.test.context.event.EventPublishingTestExecutionListener@5e643402, org.springframework.boot.test.mock.mockito.ResetMocksTestExecutionListener@ff12b53, org.springframework.boot.test.autoconfigure.restdocs.RestDocsTestExecutionListener@78141c58, org.springframework.boot.test.autoconfigure.web.client.MockRestServiceServerResetTestExecutionListener@9863ed5, org.springframework.boot.test.autoconfigure.web.servlet.MockMvcPrintOnlyOnFailureTestExecutionListener@763ddfc3, org.springframework.boot.test.autoconfigure.web.servlet.WebDriverTestExecutionListener@7010c9e4, org.springframework.boot.test.autoconfigure.webservices.client.MockWebServiceServerTestExecutionListener@28befd62]
2026-05-05 21:57:16.316  WARN 19588 --- [           main] c.p.exception.GlobalExceptionHandler     : ҵ���쳣: code=400, message=����ɾ����������ɾ��¼�� 2 ���������m26_order=2�����ȿ�����������ɾ��
2026-05-05 21:57:16.328  INFO 19588 --- [           main] c.p.service.InterfaceConfigService       : [M2-6] SQL: DELETE FROM m26_order WHERE user_id = ?
2026-05-05 21:57:16.341  INFO 19588 --- [           main] c.p.service.InterfaceConfigService       : [M2-6] SQL: DELETE FROM m26_order WHERE id = ?
2026-05-05 21:57:16.351  INFO 19588 --- [           main] c.p.service.InterfaceConfigService       : [M2-6] SQL: DELETE FROM m26_order WHERE id = ?
2026-05-05 21:57:16.352  INFO 19588 --- [           main] c.p.service.InterfaceConfigService       : [M2-6] SQL: DELETE FROM m26_order_item WHERE order_id = ?
2026-05-05 21:57:16.364  WARN 19588 --- [           main] c.p.exception.GlobalExceptionHandler     : ҵ���쳣: code=500, message=COUNT ��ѯʧ��: Column "NONEXISTENT_COL" not found; SQL statement:
SELECT COUNT(*) FROM m26_order_item WHERE nonexistent_col = ? [42122-214]
2026-05-05 21:57:16.375  INFO 19588 --- [           main] c.p.service.InterfaceConfigService       : [M2-6] SQL: DELETE FROM m26_order WHERE id = ?
2026-05-05 21:57:16.891  INFO 19588 --- [           main] .b.t.c.SpringBootTestContextBootstrapper : Neither @ContextConfiguration nor @ContextHierarchy found for test class [com.powergateway.M29SqlAuditLogTest], using SpringBootContextLoader
2026-05-05 21:57:16.892  INFO 19588 --- [           main] o.s.t.c.support.AbstractContextLoader    : Could not detect default resource locations for test class [com.powergateway.M29SqlAuditLogTest]: no resource found for suffixes {-context.xml, Context.groovy}.
2026-05-05 21:57:16.896  INFO 19588 --- [           main] .b.t.c.SpringBootTestContextBootstrapper : Found @SpringBootConfiguration com.powergateway.PowergatewayApplication for test class com.powergateway.M29SqlAuditLogTest
2026-05-05 21:57:16.897  INFO 19588 --- [           main] .b.t.c.SpringBootTestContextBootstrapper : Loaded default TestExecutionListener class names from location [META-INF/spring.factories]: [org.springframework.boot.test.mock.mockito.MockitoTestExecutionListener, org.springframework.boot.test.mock.mockito.ResetMocksTestExecutionListener, org.springframework.boot.test.autoconfigure.restdocs.RestDocsTestExecutionListener, org.springframework.boot.test.autoconfigure.web.client.MockRestServiceServerResetTestExecutionListener, org.springframework.boot.test.autoconfigure.web.servlet.MockMvcPrintOnlyOnFailureTestExecutionListener, org.springframework.boot.test.autoconfigure.web.servlet.WebDriverTestExecutionListener, org.springframework.boot.test.autoconfigure.webservices.client.MockWebServiceServerTestExecutionListener, org.springframework.test.context.web.ServletTestExecutionListener, org.springframework.test.context.support.DirtiesContextBeforeModesTestExecutionListener, org.springframework.test.context.event.ApplicationEventsTestExecutionListener, org.springframework.test.context.support.DependencyInjectionTestExecutionListener, org.springframework.test.context.support.DirtiesContextTestExecutionListener, org.springframework.test.context.transaction.TransactionalTestExecutionListener, org.springframework.test.context.jdbc.SqlScriptsTestExecutionListener, org.springframework.test.context.event.EventPublishingTestExecutionListener]
2026-05-05 21:57:16.897  INFO 19588 --- [           main] .b.t.c.SpringBootTestContextBootstrapper : Using TestExecutionListeners: [org.springframework.test.context.web.ServletTestExecutionListener@1d5958d3, org.springframework.test.context.support.DirtiesContextBeforeModesTestExecutionListener@6a6e410c, org.springframework.test.context.event.ApplicationEventsTestExecutionListener@200e6029, org.springframework.boot.test.mock.mockito.MockitoTestExecutionListener@41120e48, org.springframework.boot.test.autoconfigure.SpringBootDependencyInjectionTestExecutionListener@165a5979, org.springframework.test.context.support.DirtiesContextTestExecutionListener@ea40c9f, org.springframework.test.context.transaction.TransactionalTestExecutionListener@5d782a4a, org.springframework.test.context.jdbc.SqlScriptsTestExecutionListener@cc91fe3, org.springframework.test.context.event.EventPublishingTestExecutionListener@481c1e92, org.springframework.boot.test.mock.mockito.ResetMocksTestExecutionListener@66f223fa, org.springframework.boot.test.autoconfigure.restdocs.RestDocsTestExecutionListener@7ac47f14, org.springframework.boot.test.autoconfigure.web.client.MockRestServiceServerResetTestExecutionListener@3eb641a8, org.springframework.boot.test.autoconfigure.web.servlet.MockMvcPrintOnlyOnFailureTestExecutionListener@16f62062, org.springframework.boot.test.autoconfigure.web.servlet.WebDriverTestExecutionListener@61ec2cb5, org.springframework.boot.test.autoconfigure.webservices.client.MockWebServiceServerTestExecutionListener@3889c343]

  .   ____          _            __ _ _
 /\\ / ___'_ __ _ _(_)_ __  __ _ \ \ \ \
( ( )\___ | '_ | '_| | '_ \/ _` | \ \ \ \
 \\/  ___)| |_)| | | | | || (_| |  ) ) ) )
  '  |____| .__|_| |_|_| |_\__, | / / / /
 =========|_|==============|___/=/_/_/_/
 :: Spring Boot ::               (v2.7.18)

2026-05-05 21:57:16.921  INFO 19588 --- [           main] com.powergateway.M29SqlAuditLogTest      : Starting M29SqlAuditLogTest using Java 1.8.0_311 on LAPTOP-5CF11N0F with PID 19588 (started by 69218 in D:\Project\powergateway\backend)
2026-05-05 21:57:16.921  INFO 19588 --- [           main] com.powergateway.M29SqlAuditLogTest      : The following 1 profile is active: "test"
2026-05-05 21:57:17.237  INFO 19588 --- [           main] trationDelegate$BeanPostProcessorChecker : Bean 'spring.datasource.dynamic-com.baomidou.dynamic.datasource.spring.boot.autoconfigure.DynamicDataSourceProperties' of type [com.baomidou.dynamic.datasource.spring.boot.autoconfigure.DynamicDataSourceProperties] is not eligible for getting processed by all BeanPostProcessors (for example: not eligible for auto-proxying)
2026-05-05 21:57:17.241  INFO 19588 --- [           main] trationDelegate$BeanPostProcessorChecker : Bean 'com.baomidou.dynamic.datasource.spring.boot.autoconfigure.DynamicDataSourceAutoConfiguration' of type [com.baomidou.dynamic.datasource.spring.boot.autoconfigure.DynamicDataSourceAutoConfiguration$$EnhancerBySpringCGLIB$$df2e80a4] is not eligible for getting processed by all BeanPostProcessors (for example: not eligible for auto-proxying)
2026-05-05 21:57:17.247  INFO 19588 --- [           main] trationDelegate$BeanPostProcessorChecker : Bean 'dsProcessor' of type [com.baomidou.dynamic.datasource.processor.DsHeaderProcessor] is not eligible for getting processed by all BeanPostProcessors (for example: not eligible for auto-proxying)
2026-05-05 21:57:17.288  INFO 19588 --- [           main] com.zaxxer.hikari.HikariDataSource       : master - Starting...
2026-05-05 21:57:17.289  INFO 19588 --- [           main] com.zaxxer.hikari.HikariDataSource       : master - Start completed.
2026-05-05 21:57:17.290  INFO 19588 --- [           main] com.zaxxer.hikari.HikariDataSource       : audit - Starting...
2026-05-05 21:57:17.291  INFO 19588 --- [           main] com.zaxxer.hikari.HikariDataSource       : audit - Start completed.
2026-05-05 21:57:17.292  INFO 19588 --- [           main] c.b.d.d.DynamicRoutingDataSource         : dynamic-datasource - add a datasource named [audit] success
2026-05-05 21:57:17.292  INFO 19588 --- [           main] c.b.d.d.DynamicRoutingDataSource         : dynamic-datasource - add a datasource named [master] success
2026-05-05 21:57:17.292  INFO 19588 --- [           main] c.b.d.d.DynamicRoutingDataSource         : dynamic-datasource initial loaded [2] datasource,primary datasource named [master]
 _ _   |_  _ _|_. ___ _ |    _ 
| | |\/|_)(_| | |_\  |_)||_|_\ 
     /               |         
                        3.5.7 
____ ____    ___ ____ _  _ ____ _  _ 
[__  |__| __  |  |  | |_/  |___ |\ | 
___] |  |     |  |__| | \_ |___ | \| 
https://sa-token.cc (v1.37.0)
2026-05-05 21:57:18.464  INFO 19588 --- [           main] com.powergateway.M29SqlAuditLogTest      : Started M29SqlAuditLogTest in 1.564 seconds (JVM running for 20.81)
2026-05-05 21:57:18.530  INFO 19588 --- [           main] com.powergateway.config.DataInitializer  : ��Ԥ�ù���Ա�˺ţ�admin / Admin@123
2026-05-05 21:57:20.926  INFO 19588 --- [           main] .b.t.c.SpringBootTestContextBootstrapper : Neither @ContextConfiguration nor @ContextHierarchy found for test class [com.powergateway.P03EntityMapperTest], using SpringBootContextLoader
2026-05-05 21:57:20.926  INFO 19588 --- [           main] o.s.t.c.support.AbstractContextLoader    : Could not detect default resource locations for test class [com.powergateway.P03EntityMapperTest]: no resource found for suffixes {-context.xml, Context.groovy}.
2026-05-05 21:57:20.927  INFO 19588 --- [           main] t.c.s.AnnotationConfigContextLoaderUtils : Could not detect default configuration classes for test class [com.powergateway.P03EntityMapperTest]: P03EntityMapperTest does not declare any static, non-private, non-final, nested classes annotated with @Configuration.
2026-05-05 21:57:20.930  INFO 19588 --- [           main] .b.t.c.SpringBootTestContextBootstrapper : Found @SpringBootConfiguration com.powergateway.PowergatewayApplication for test class com.powergateway.P03EntityMapperTest
2026-05-05 21:57:20.932  INFO 19588 --- [           main] .b.t.c.SpringBootTestContextBootstrapper : Loaded default TestExecutionListener class names from location [META-INF/spring.factories]: [org.springframework.boot.test.mock.mockito.MockitoTestExecutionListener, org.springframework.boot.test.mock.mockito.ResetMocksTestExecutionListener, org.springframework.boot.test.autoconfigure.restdocs.RestDocsTestExecutionListener, org.springframework.boot.test.autoconfigure.web.client.MockRestServiceServerResetTestExecutionListener, org.springframework.boot.test.autoconfigure.web.servlet.MockMvcPrintOnlyOnFailureTestExecutionListener, org.springframework.boot.test.autoconfigure.web.servlet.WebDriverTestExecutionListener, org.springframework.boot.test.autoconfigure.webservices.client.MockWebServiceServerTestExecutionListener, org.springframework.test.context.web.ServletTestExecutionListener, org.springframework.test.context.support.DirtiesContextBeforeModesTestExecutionListener, org.springframework.test.context.event.ApplicationEventsTestExecutionListener, org.springframework.test.context.support.DependencyInjectionTestExecutionListener, org.springframework.test.context.support.DirtiesContextTestExecutionListener, org.springframework.test.context.transaction.TransactionalTestExecutionListener, org.springframework.test.context.jdbc.SqlScriptsTestExecutionListener, org.springframework.test.context.event.EventPublishingTestExecutionListener]
2026-05-05 21:57:20.934  INFO 19588 --- [           main] .b.t.c.SpringBootTestContextBootstrapper : Using TestExecutionListeners: [org.springframework.test.context.web.ServletTestExecutionListener@6d70e68b, org.springframework.test.context.support.DirtiesContextBeforeModesTestExecutionListener@2786b644, org.springframework.test.context.event.ApplicationEventsTestExecutionListener@3b38f032, org.springframework.boot.test.mock.mockito.MockitoTestExecutionListener@17d83fe4, org.springframework.boot.test.autoconfigure.SpringBootDependencyInjectionTestExecutionListener@7d76d72a, org.springframework.test.context.support.DirtiesContextTestExecutionListener@6fd07a56, org.springframework.test.context.transaction.TransactionalTestExecutionListener@1315befe, org.springframework.test.context.jdbc.SqlScriptsTestExecutionListener@45649467, org.springframework.test.context.event.EventPublishingTestExecutionListener@e60c466, org.springframework.boot.test.mock.mockito.ResetMocksTestExecutionListener@620e0d36, org.springframework.boot.test.autoconfigure.restdocs.RestDocsTestExecutionListener@5cd2adc7, org.springframework.boot.test.autoconfigure.web.client.MockRestServiceServerResetTestExecutionListener@3df4cd96, org.springframework.boot.test.autoconfigure.web.servlet.MockMvcPrintOnlyOnFailureTestExecutionListener@35bf6dba, org.springframework.boot.test.autoconfigure.web.servlet.WebDriverTestExecutionListener@27caa186, org.springframework.boot.test.autoconfigure.webservices.client.MockWebServiceServerTestExecutionListener@6ebf9c2d]
2026-05-05 21:57:20.937  INFO 19588 --- [           main] o.s.t.c.transaction.TransactionContext   : Began transaction (1) for test context [DefaultTestContext@e356940 testClass = P03EntityMapperTest, testInstance = com.powergateway.P03EntityMapperTest@38991781, testMethod = convertTemplate_insertAndSoftDelete@P03EntityMapperTest, testException = [null], mergedContextConfiguration = [WebMergedContextConfiguration@3c577368 testClass = P03EntityMapperTest, locations = '{}', classes = '{class com.powergateway.PowergatewayApplication}', contextInitializerClasses = '[]', activeProfiles = '{test}', propertySourceLocations = '{}', propertySourceProperties = '{org.springframework.boot.test.context.SpringBootTestContextBootstrapper=true}', contextCustomizers = set[org.springframework.boot.test.context.filter.ExcludeFilterContextCustomizer@303cf2ba, org.springframework.boot.test.json.DuplicateJsonObjectContextCustomizerFactory$DuplicateJsonObjectContextCustomizer@2b30a42c, org.springframework.boot.test.mock.mockito.MockitoContextCustomizer@0, org.springframework.boot.test.web.client.TestRestTemplateContextCustomizer@4d0d9fe7, org.springframework.boot.test.autoconfigure.actuate.metrics.MetricsExportContextCustomizerFactory$DisableMetricExportContextCustomizer@5a59ca5e, org.springframework.boot.test.autoconfigure.properties.PropertyMappingContextCustomizer@0, org.springframework.boot.test.autoconfigure.web.servlet.WebDriverContextCustomizerFactory$Customizer@740fb309, org.springframework.boot.test.context.SpringBootTestArgs@1, org.springframework.boot.test.context.SpringBootTestWebEnvironment@45820e51], resourceBasePath = 'src/main/webapp', contextLoader = 'org.springframework.boot.test.context.SpringBootContextLoader', parent = [null]], attributes = map['org.springframework.test.context.web.ServletTestExecutionListener.activateListener' -> true, 'org.springframework.test.context.web.ServletTestExecutionListener.populatedRequestContextHolder' -> true, 'org.springframework.test.context.web.ServletTestExecutionListener.resetRequestContextHolder' -> true, 'org.springframework.test.context.event.ApplicationEventsTestExecutionListener.recordApplicationEvents' -> false]]; transaction manager [org.springframework.jdbc.support.JdbcTransactionManager@4468c0ea]; rollback [true]
2026-05-05 21:57:21.006  INFO 19588 --- [           main] o.s.t.c.transaction.TransactionContext   : Rolled back transaction for test: [DefaultTestContext@e356940 testClass = P03EntityMapperTest, testInstance = com.powergateway.P03EntityMapperTest@38991781, testMethod = convertTemplate_insertAndSoftDelete@P03EntityMapperTest, testException = [null], mergedContextConfiguration = [WebMergedContextConfiguration@3c577368 testClass = P03EntityMapperTest, locations = '{}', classes = '{class com.powergateway.PowergatewayApplication}', contextInitializerClasses = '[]', activeProfiles = '{test}', propertySourceLocations = '{}', propertySourceProperties = '{org.springframework.boot.test.context.SpringBootTestContextBootstrapper=true}', contextCustomizers = set[org.springframework.boot.test.context.filter.ExcludeFilterContextCustomizer@303cf2ba, org.springframework.boot.test.json.DuplicateJsonObjectContextCustomizerFactory$DuplicateJsonObjectContextCustomizer@2b30a42c, org.springframework.boot.test.mock.mockito.MockitoContextCustomizer@0, org.springframework.boot.test.web.client.TestRestTemplateContextCustomizer@4d0d9fe7, org.springframework.boot.test.autoconfigure.actuate.metrics.MetricsExportContextCustomizerFactory$DisableMetricExportContextCustomizer@5a59ca5e, org.springframework.boot.test.autoconfigure.properties.PropertyMappingContextCustomizer@0, org.springframework.boot.test.autoconfigure.web.servlet.WebDriverContextCustomizerFactory$Customizer@740fb309, org.springframework.boot.test.context.SpringBootTestArgs@1, org.springframework.boot.test.context.SpringBootTestWebEnvironment@45820e51], resourceBasePath = 'src/main/webapp', contextLoader = 'org.springframework.boot.test.context.SpringBootContextLoader', parent = [null]], attributes = map['org.springframework.test.context.web.ServletTestExecutionListener.activateListener' -> true, 'org.springframework.test.context.web.ServletTestExecutionListener.populatedRequestContextHolder' -> true, 'org.springframework.test.context.web.ServletTestExecutionListener.resetRequestContextHolder' -> true, 'org.springframework.test.context.event.ApplicationEventsTestExecutionListener.recordApplicationEvents' -> false]]
2026-05-05 21:57:21.007  INFO 19588 --- [           main] o.s.t.c.transaction.TransactionContext   : Began transaction (1) for test context [DefaultTestContext@e356940 testClass = P03EntityMapperTest, testInstance = com.powergateway.P03EntityMapperTest@21f9a305, testMethod = sysUser_insertAndQuery@P03EntityMapperTest, testException = [null], mergedContextConfiguration = [WebMergedContextConfiguration@3c577368 testClass = P03EntityMapperTest, locations = '{}', classes = '{class com.powergateway.PowergatewayApplication}', contextInitializerClasses = '[]', activeProfiles = '{test}', propertySourceLocations = '{}', propertySourceProperties = '{org.springframework.boot.test.context.SpringBootTestContextBootstrapper=true}', contextCustomizers = set[org.springframework.boot.test.context.filter.ExcludeFilterContextCustomizer@303cf2ba, org.springframework.boot.test.json.DuplicateJsonObjectContextCustomizerFactory$DuplicateJsonObjectContextCustomizer@2b30a42c, org.springframework.boot.test.mock.mockito.MockitoContextCustomizer@0, org.springframework.boot.test.web.client.TestRestTemplateContextCustomizer@4d0d9fe7, org.springframework.boot.test.autoconfigure.actuate.metrics.MetricsExportContextCustomizerFactory$DisableMetricExportContextCustomizer@5a59ca5e, org.springframework.boot.test.autoconfigure.properties.PropertyMappingContextCustomizer@0, org.springframework.boot.test.autoconfigure.web.servlet.WebDriverContextCustomizerFactory$Customizer@740fb309, org.springframework.boot.test.context.SpringBootTestArgs@1, org.springframework.boot.test.context.SpringBootTestWebEnvironment@45820e51], resourceBasePath = 'src/main/webapp', contextLoader = 'org.springframework.boot.test.context.SpringBootContextLoader', parent = [null]], attributes = map['org.springframework.test.context.web.ServletTestExecutionListener.activateListener' -> true, 'org.springframework.test.context.web.ServletTestExecutionListener.populatedRequestContextHolder' -> true, 'org.springframework.test.context.web.ServletTestExecutionListener.resetRequestContextHolder' -> true, 'org.springframework.test.context.event.ApplicationEventsTestExecutionListener.recordApplicationEvents' -> false]]; transaction manager [org.springframework.jdbc.support.JdbcTransactionManager@4468c0ea]; rollback [true]
2026-05-05 21:57:21.014  INFO 19588 --- [           main] o.s.t.c.transaction.TransactionContext   : Rolled back transaction for test: [DefaultTestContext@e356940 testClass = P03EntityMapperTest, testInstance = com.powergateway.P03EntityMapperTest@21f9a305, testMethod = sysUser_insertAndQuery@P03EntityMapperTest, testException = [null], mergedContextConfiguration = [WebMergedContextConfiguration@3c577368 testClass = P03EntityMapperTest, locations = '{}', classes = '{class com.powergateway.PowergatewayApplication}', contextInitializerClasses = '[]', activeProfiles = '{test}', propertySourceLocations = '{}', propertySourceProperties = '{org.springframework.boot.test.context.SpringBootTestContextBootstrapper=true}', contextCustomizers = set[org.springframework.boot.test.context.filter.ExcludeFilterContextCustomizer@303cf2ba, org.springframework.boot.test.json.DuplicateJsonObjectContextCustomizerFactory$DuplicateJsonObjectContextCustomizer@2b30a42c, org.springframework.boot.test.mock.mockito.MockitoContextCustomizer@0, org.springframework.boot.test.web.client.TestRestTemplateContextCustomizer@4d0d9fe7, org.springframework.boot.test.autoconfigure.actuate.metrics.MetricsExportContextCustomizerFactory$DisableMetricExportContextCustomizer@5a59ca5e, org.springframework.boot.test.autoconfigure.properties.PropertyMappingContextCustomizer@0, org.springframework.boot.test.autoconfigure.web.servlet.WebDriverContextCustomizerFactory$Customizer@740fb309, org.springframework.boot.test.context.SpringBootTestArgs@1, org.springframework.boot.test.context.SpringBootTestWebEnvironment@45820e51], resourceBasePath = 'src/main/webapp', contextLoader = 'org.springframework.boot.test.context.SpringBootContextLoader', parent = [null]], attributes = map['org.springframework.test.context.web.ServletTestExecutionListener.activateListener' -> true, 'org.springframework.test.context.web.ServletTestExecutionListener.populatedRequestContextHolder' -> true, 'org.springframework.test.context.web.ServletTestExecutionListener.resetRequestContextHolder' -> true, 'org.springframework.test.context.event.ApplicationEventsTestExecutionListener.recordApplicationEvents' -> false]]
2026-05-05 21:57:21.016  INFO 19588 --- [           main] o.s.t.c.transaction.TransactionContext   : Began transaction (1) for test context [DefaultTestContext@e356940 testClass = P03EntityMapperTest, testInstance = com.powergateway.P03EntityMapperTest@18d63996, testMethod = fieldFormula_insertAndQuery@P03EntityMapperTest, testException = [null], mergedContextConfiguration = [WebMergedContextConfiguration@3c577368 testClass = P03EntityMapperTest, locations = '{}', classes = '{class com.powergateway.PowergatewayApplication}', contextInitializerClasses = '[]', activeProfiles = '{test}', propertySourceLocations = '{}', propertySourceProperties = '{org.springframework.boot.test.context.SpringBootTestContextBootstrapper=true}', contextCustomizers = set[org.springframework.boot.test.context.filter.ExcludeFilterContextCustomizer@303cf2ba, org.springframework.boot.test.json.DuplicateJsonObjectContextCustomizerFactory$DuplicateJsonObjectContextCustomizer@2b30a42c, org.springframework.boot.test.mock.mockito.MockitoContextCustomizer@0, org.springframework.boot.test.web.client.TestRestTemplateContextCustomizer@4d0d9fe7, org.springframework.boot.test.autoconfigure.actuate.metrics.MetricsExportContextCustomizerFactory$DisableMetricExportContextCustomizer@5a59ca5e, org.springframework.boot.test.autoconfigure.properties.PropertyMappingContextCustomizer@0, org.springframework.boot.test.autoconfigure.web.servlet.WebDriverContextCustomizerFactory$Customizer@740fb309, org.springframework.boot.test.context.SpringBootTestArgs@1, org.springframework.boot.test.context.SpringBootTestWebEnvironment@45820e51], resourceBasePath = 'src/main/webapp', contextLoader = 'org.springframework.boot.test.context.SpringBootContextLoader', parent = [null]], attributes = map['org.springframework.test.context.web.ServletTestExecutionListener.activateListener' -> true, 'org.springframework.test.context.web.ServletTestExecutionListener.populatedRequestContextHolder' -> true, 'org.springframework.test.context.web.ServletTestExecutionListener.resetRequestContextHolder' -> true, 'org.springframework.test.context.event.ApplicationEventsTestExecutionListener.recordApplicationEvents' -> false]]; transaction manager [org.springframework.jdbc.support.JdbcTransactionManager@4468c0ea]; rollback [true]
2026-05-05 21:57:21.019  INFO 19588 --- [           main] o.s.t.c.transaction.TransactionContext   : Rolled back transaction for test: [DefaultTestContext@e356940 testClass = P03EntityMapperTest, testInstance = com.powergateway.P03EntityMapperTest@18d63996, testMethod = fieldFormula_insertAndQuery@P03EntityMapperTest, testException = [null], mergedContextConfiguration = [WebMergedContextConfiguration@3c577368 testClass = P03EntityMapperTest, locations = '{}', classes = '{class com.powergateway.PowergatewayApplication}', contextInitializerClasses = '[]', activeProfiles = '{test}', propertySourceLocations = '{}', propertySourceProperties = '{org.springframework.boot.test.context.SpringBootTestContextBootstrapper=true}', contextCustomizers = set[org.springframework.boot.test.context.filter.ExcludeFilterContextCustomizer@303cf2ba, org.springframework.boot.test.json.DuplicateJsonObjectContextCustomizerFactory$DuplicateJsonObjectContextCustomizer@2b30a42c, org.springframework.boot.test.mock.mockito.MockitoContextCustomizer@0, org.springframework.boot.test.web.client.TestRestTemplateContextCustomizer@4d0d9fe7, org.springframework.boot.test.autoconfigure.actuate.metrics.MetricsExportContextCustomizerFactory$DisableMetricExportContextCustomizer@5a59ca5e, org.springframework.boot.test.autoconfigure.properties.PropertyMappingContextCustomizer@0, org.springframework.boot.test.autoconfigure.web.servlet.WebDriverContextCustomizerFactory$Customizer@740fb309, org.springframework.boot.test.context.SpringBootTestArgs@1, org.springframework.boot.test.context.SpringBootTestWebEnvironment@45820e51], resourceBasePath = 'src/main/webapp', contextLoader = 'org.springframework.boot.test.context.SpringBootContextLoader', parent = [null]], attributes = map['org.springframework.test.context.web.ServletTestExecutionListener.activateListener' -> true, 'org.springframework.test.context.web.ServletTestExecutionListener.populatedRequestContextHolder' -> true, 'org.springframework.test.context.web.ServletTestExecutionListener.resetRequestContextHolder' -> true, 'org.springframework.test.context.event.ApplicationEventsTestExecutionListener.recordApplicationEvents' -> false]]
2026-05-05 21:57:21.020  INFO 19588 --- [           main] o.s.t.c.transaction.TransactionContext   : Began transaction (1) for test context [DefaultTestContext@e356940 testClass = P03EntityMapperTest, testInstance = com.powergateway.P03EntityMapperTest@4a532271, testMethod = channelConfig_insertAndQuery@P03EntityMapperTest, testException = [null], mergedContextConfiguration = [WebMergedContextConfiguration@3c577368 testClass = P03EntityMapperTest, locations = '{}', classes = '{class com.powergateway.PowergatewayApplication}', contextInitializerClasses = '[]', activeProfiles = '{test}', propertySourceLocations = '{}', propertySourceProperties = '{org.springframework.boot.test.context.SpringBootTestContextBootstrapper=true}', contextCustomizers = set[org.springframework.boot.test.context.filter.ExcludeFilterContextCustomizer@303cf2ba, org.springframework.boot.test.json.DuplicateJsonObjectContextCustomizerFactory$DuplicateJsonObjectContextCustomizer@2b30a42c, org.springframework.boot.test.mock.mockito.MockitoContextCustomizer@0, org.springframework.boot.test.web.client.TestRestTemplateContextCustomizer@4d0d9fe7, org.springframework.boot.test.autoconfigure.actuate.metrics.MetricsExportContextCustomizerFactory$DisableMetricExportContextCustomizer@5a59ca5e, org.springframework.boot.test.autoconfigure.properties.PropertyMappingContextCustomizer@0, org.springframework.boot.test.autoconfigure.web.servlet.WebDriverContextCustomizerFactory$Customizer@740fb309, org.springframework.boot.test.context.SpringBootTestArgs@1, org.springframework.boot.test.context.SpringBootTestWebEnvironment@45820e51], resourceBasePath = 'src/main/webapp', contextLoader = 'org.springframework.boot.test.context.SpringBootContextLoader', parent = [null]], attributes = map['org.springframework.test.context.web.ServletTestExecutionListener.activateListener' -> true, 'org.springframework.test.context.web.ServletTestExecutionListener.populatedRequestContextHolder' -> true, 'org.springframework.test.context.web.ServletTestExecutionListener.resetRequestContextHolder' -> true, 'org.springframework.test.context.event.ApplicationEventsTestExecutionListener.recordApplicationEvents' -> false]]; transaction manager [org.springframework.jdbc.support.JdbcTransactionManager@4468c0ea]; rollback [true]
2026-05-05 21:57:21.025  INFO 19588 --- [           main] o.s.t.c.transaction.TransactionContext   : Rolled back transaction for test: [DefaultTestContext@e356940 testClass = P03EntityMapperTest, testInstance = com.powergateway.P03EntityMapperTest@4a532271, testMethod = channelConfig_insertAndQuery@P03EntityMapperTest, testException = [null], mergedContextConfiguration = [WebMergedContextConfiguration@3c577368 testClass = P03EntityMapperTest, locations = '{}', classes = '{class com.powergateway.PowergatewayApplication}', contextInitializerClasses = '[]', activeProfiles = '{test}', propertySourceLocations = '{}', propertySourceProperties = '{org.springframework.boot.test.context.SpringBootTestContextBootstrapper=true}', contextCustomizers = set[org.springframework.boot.test.context.filter.ExcludeFilterContextCustomizer@303cf2ba, org.springframework.boot.test.json.DuplicateJsonObjectContextCustomizerFactory$DuplicateJsonObjectContextCustomizer@2b30a42c, org.springframework.boot.test.mock.mockito.MockitoContextCustomizer@0, org.springframework.boot.test.web.client.TestRestTemplateContextCustomizer@4d0d9fe7, org.springframework.boot.test.autoconfigure.actuate.metrics.MetricsExportContextCustomizerFactory$DisableMetricExportContextCustomizer@5a59ca5e, org.springframework.boot.test.autoconfigure.properties.PropertyMappingContextCustomizer@0, org.springframework.boot.test.autoconfigure.web.servlet.WebDriverContextCustomizerFactory$Customizer@740fb309, org.springframework.boot.test.context.SpringBootTestArgs@1, org.springframework.boot.test.context.SpringBootTestWebEnvironment@45820e51], resourceBasePath = 'src/main/webapp', contextLoader = 'org.springframework.boot.test.context.SpringBootContextLoader', parent = [null]], attributes = map['org.springframework.test.context.web.ServletTestExecutionListener.activateListener' -> true, 'org.springframework.test.context.web.ServletTestExecutionListener.populatedRequestContextHolder' -> true, 'org.springframework.test.context.web.ServletTestExecutionListener.resetRequestContextHolder' -> true, 'org.springframework.test.context.event.ApplicationEventsTestExecutionListener.recordApplicationEvents' -> false]]
2026-05-05 21:57:21.026  INFO 19588 --- [           main] o.s.t.c.transaction.TransactionContext   : Began transaction (1) for test context [DefaultTestContext@e356940 testClass = P03EntityMapperTest, testInstance = com.powergateway.P03EntityMapperTest@2c7ac998, testMethod = allEightTables_selectListNoException@P03EntityMapperTest, testException = [null], mergedContextConfiguration = [WebMergedContextConfiguration@3c577368 testClass = P03EntityMapperTest, locations = '{}', classes = '{class com.powergateway.PowergatewayApplication}', contextInitializerClasses = '[]', activeProfiles = '{test}', propertySourceLocations = '{}', propertySourceProperties = '{org.springframework.boot.test.context.SpringBootTestContextBootstrapper=true}', contextCustomizers = set[org.springframework.boot.test.context.filter.ExcludeFilterContextCustomizer@303cf2ba, org.springframework.boot.test.json.DuplicateJsonObjectContextCustomizerFactory$DuplicateJsonObjectContextCustomizer@2b30a42c, org.springframework.boot.test.mock.mockito.MockitoContextCustomizer@0, org.springframework.boot.test.web.client.TestRestTemplateContextCustomizer@4d0d9fe7, org.springframework.boot.test.autoconfigure.actuate.metrics.MetricsExportContextCustomizerFactory$DisableMetricExportContextCustomizer@5a59ca5e, org.springframework.boot.test.autoconfigure.properties.PropertyMappingContextCustomizer@0, org.springframework.boot.test.autoconfigure.web.servlet.WebDriverContextCustomizerFactory$Customizer@740fb309, org.springframework.boot.test.context.SpringBootTestArgs@1, org.springframework.boot.test.context.SpringBootTestWebEnvironment@45820e51], resourceBasePath = 'src/main/webapp', contextLoader = 'org.springframework.boot.test.context.SpringBootContextLoader', parent = [null]], attributes = map['org.springframework.test.context.web.ServletTestExecutionListener.activateListener' -> true, 'org.springframework.test.context.web.ServletTestExecutionListener.populatedRequestContextHolder' -> true, 'org.springframework.test.context.web.ServletTestExecutionListener.resetRequestContextHolder' -> true, 'org.springframework.test.context.event.ApplicationEventsTestExecutionListener.recordApplicationEvents' -> false]]; transaction manager [org.springframework.jdbc.support.JdbcTransactionManager@4468c0ea]; rollback [true]
2026-05-05 21:57:21.030  INFO 19588 --- [           main] o.s.t.c.transaction.TransactionContext   : Rolled back transaction for test: [DefaultTestContext@e356940 testClass = P03EntityMapperTest, testInstance = com.powergateway.P03EntityMapperTest@2c7ac998, testMethod = allEightTables_selectListNoException@P03EntityMapperTest, testException = [null], mergedContextConfiguration = [WebMergedContextConfiguration@3c577368 testClass = P03EntityMapperTest, locations = '{}', classes = '{class com.powergateway.PowergatewayApplication}', contextInitializerClasses = '[]', activeProfiles = '{test}', propertySourceLocations = '{}', propertySourceProperties = '{org.springframework.boot.test.context.SpringBootTestContextBootstrapper=true}', contextCustomizers = set[org.springframework.boot.test.context.filter.ExcludeFilterContextCustomizer@303cf2ba, org.springframework.boot.test.json.DuplicateJsonObjectContextCustomizerFactory$DuplicateJsonObjectContextCustomizer@2b30a42c, org.springframework.boot.test.mock.mockito.MockitoContextCustomizer@0, org.springframework.boot.test.web.client.TestRestTemplateContextCustomizer@4d0d9fe7, org.springframework.boot.test.autoconfigure.actuate.metrics.MetricsExportContextCustomizerFactory$DisableMetricExportContextCustomizer@5a59ca5e, org.springframework.boot.test.autoconfigure.properties.PropertyMappingContextCustomizer@0, org.springframework.boot.test.autoconfigure.web.servlet.WebDriverContextCustomizerFactory$Customizer@740fb309, org.springframework.boot.test.context.SpringBootTestArgs@1, org.springframework.boot.test.context.SpringBootTestWebEnvironment@45820e51], resourceBasePath = 'src/main/webapp', contextLoader = 'org.springframework.boot.test.context.SpringBootContextLoader', parent = [null]], attributes = map['org.springframework.test.context.web.ServletTestExecutionListener.activateListener' -> true, 'org.springframework.test.context.web.ServletTestExecutionListener.populatedRequestContextHolder' -> true, 'org.springframework.test.context.web.ServletTestExecutionListener.resetRequestContextHolder' -> true, 'org.springframework.test.context.event.ApplicationEventsTestExecutionListener.recordApplicationEvents' -> false]]
2026-05-05 21:57:21.032  INFO 19588 --- [           main] o.s.t.c.transaction.TransactionContext   : Began transaction (1) for test context [DefaultTestContext@e356940 testClass = P03EntityMapperTest, testInstance = com.powergateway.P03EntityMapperTest@56bf6f1e, testMethod = sysConfig_preloadedValues@P03EntityMapperTest, testException = [null], mergedContextConfiguration = [WebMergedContextConfiguration@3c577368 testClass = P03EntityMapperTest, locations = '{}', classes = '{class com.powergateway.PowergatewayApplication}', contextInitializerClasses = '[]', activeProfiles = '{test}', propertySourceLocations = '{}', propertySourceProperties = '{org.springframework.boot.test.context.SpringBootTestContextBootstrapper=true}', contextCustomizers = set[org.springframework.boot.test.context.filter.ExcludeFilterContextCustomizer@303cf2ba, org.springframework.boot.test.json.DuplicateJsonObjectContextCustomizerFactory$DuplicateJsonObjectContextCustomizer@2b30a42c, org.springframework.boot.test.mock.mockito.MockitoContextCustomizer@0, org.springframework.boot.test.web.client.TestRestTemplateContextCustomizer@4d0d9fe7, org.springframework.boot.test.autoconfigure.actuate.metrics.MetricsExportContextCustomizerFactory$DisableMetricExportContextCustomizer@5a59ca5e, org.springframework.boot.test.autoconfigure.properties.PropertyMappingContextCustomizer@0, org.springframework.boot.test.autoconfigure.web.servlet.WebDriverContextCustomizerFactory$Customizer@740fb309, org.springframework.boot.test.context.SpringBootTestArgs@1, org.springframework.boot.test.context.SpringBootTestWebEnvironment@45820e51], resourceBasePath = 'src/main/webapp', contextLoader = 'org.springframework.boot.test.context.SpringBootContextLoader', parent = [null]], attributes = map['org.springframework.test.context.web.ServletTestExecutionListener.activateListener' -> true, 'org.springframework.test.context.web.ServletTestExecutionListener.populatedRequestContextHolder' -> true, 'org.springframework.test.context.web.ServletTestExecutionListener.resetRequestContextHolder' -> true, 'org.springframework.test.context.event.ApplicationEventsTestExecutionListener.recordApplicationEvents' -> false]]; transaction manager [org.springframework.jdbc.support.JdbcTransactionManager@4468c0ea]; rollback [true]
2026-05-05 21:57:21.045  INFO 19588 --- [           main] o.s.t.c.transaction.TransactionContext   : Rolled back transaction for test: [DefaultTestContext@e356940 testClass = P03EntityMapperTest, testInstance = com.powergateway.P03EntityMapperTest@56bf6f1e, testMethod = sysConfig_preloadedValues@P03EntityMapperTest, testException = [null], mergedContextConfiguration = [WebMergedContextConfiguration@3c577368 testClass = P03EntityMapperTest, locations = '{}', classes = '{class com.powergateway.PowergatewayApplication}', contextInitializerClasses = '[]', activeProfiles = '{test}', propertySourceLocations = '{}', propertySourceProperties = '{org.springframework.boot.test.context.SpringBootTestContextBootstrapper=true}', contextCustomizers = set[org.springframework.boot.test.context.filter.ExcludeFilterContextCustomizer@303cf2ba, org.springframework.boot.test.json.DuplicateJsonObjectContextCustomizerFactory$DuplicateJsonObjectContextCustomizer@2b30a42c, org.springframework.boot.test.mock.mockito.MockitoContextCustomizer@0, org.springframework.boot.test.web.client.TestRestTemplateContextCustomizer@4d0d9fe7, org.springframework.boot.test.autoconfigure.actuate.metrics.MetricsExportContextCustomizerFactory$DisableMetricExportContextCustomizer@5a59ca5e, org.springframework.boot.test.autoconfigure.properties.PropertyMappingContextCustomizer@0, org.springframework.boot.test.autoconfigure.web.servlet.WebDriverContextCustomizerFactory$Customizer@740fb309, org.springframework.boot.test.context.SpringBootTestArgs@1, org.springframework.boot.test.context.SpringBootTestWebEnvironment@45820e51], resourceBasePath = 'src/main/webapp', contextLoader = 'org.springframework.boot.test.context.SpringBootContextLoader', parent = [null]], attributes = map['org.springframework.test.context.web.ServletTestExecutionListener.activateListener' -> true, 'org.springframework.test.context.web.ServletTestExecutionListener.populatedRequestContextHolder' -> true, 'org.springframework.test.context.web.ServletTestExecutionListener.resetRequestContextHolder' -> true, 'org.springframework.test.context.event.ApplicationEventsTestExecutionListener.recordApplicationEvents' -> false]]
2026-05-05 21:57:21.046  INFO 19588 --- [           main] o.s.t.c.transaction.TransactionContext   : Began transaction (1) for test context [DefaultTestContext@e356940 testClass = P03EntityMapperTest, testInstance = com.powergateway.P03EntityMapperTest@4e7b89b6, testMethod = sysUser_updateAndDelete@P03EntityMapperTest, testException = [null], mergedContextConfiguration = [WebMergedContextConfiguration@3c577368 testClass = P03EntityMapperTest, locations = '{}', classes = '{class com.powergateway.PowergatewayApplication}', contextInitializerClasses = '[]', activeProfiles = '{test}', propertySourceLocations = '{}', propertySourceProperties = '{org.springframework.boot.test.context.SpringBootTestContextBootstrapper=true}', contextCustomizers = set[org.springframework.boot.test.context.filter.ExcludeFilterContextCustomizer@303cf2ba, org.springframework.boot.test.json.DuplicateJsonObjectContextCustomizerFactory$DuplicateJsonObjectContextCustomizer@2b30a42c, org.springframework.boot.test.mock.mockito.MockitoContextCustomizer@0, org.springframework.boot.test.web.client.TestRestTemplateContextCustomizer@4d0d9fe7, org.springframework.boot.test.autoconfigure.actuate.metrics.MetricsExportContextCustomizerFactory$DisableMetricExportContextCustomizer@5a59ca5e, org.springframework.boot.test.autoconfigure.properties.PropertyMappingContextCustomizer@0, org.springframework.boot.test.autoconfigure.web.servlet.WebDriverContextCustomizerFactory$Customizer@740fb309, org.springframework.boot.test.context.SpringBootTestArgs@1, org.springframework.boot.test.context.SpringBootTestWebEnvironment@45820e51], resourceBasePath = 'src/main/webapp', contextLoader = 'org.springframework.boot.test.context.SpringBootContextLoader', parent = [null]], attributes = map['org.springframework.test.context.web.ServletTestExecutionListener.activateListener' -> true, 'org.springframework.test.context.web.ServletTestExecutionListener.populatedRequestContextHolder' -> true, 'org.springframework.test.context.web.ServletTestExecutionListener.resetRequestContextHolder' -> true, 'org.springframework.test.context.event.ApplicationEventsTestExecutionListener.recordApplicationEvents' -> false]]; transaction manager [org.springframework.jdbc.support.JdbcTransactionManager@4468c0ea]; rollback [true]
2026-05-05 21:57:21.052  INFO 19588 --- [           main] o.s.t.c.transaction.TransactionContext   : Rolled back transaction for test: [DefaultTestContext@e356940 testClass = P03EntityMapperTest, testInstance = com.powergateway.P03EntityMapperTest@4e7b89b6, testMethod = sysUser_updateAndDelete@P03EntityMapperTest, testException = [null], mergedContextConfiguration = [WebMergedContextConfiguration@3c577368 testClass = P03EntityMapperTest, locations = '{}', classes = '{class com.powergateway.PowergatewayApplication}', contextInitializerClasses = '[]', activeProfiles = '{test}', propertySourceLocations = '{}', propertySourceProperties = '{org.springframework.boot.test.context.SpringBootTestContextBootstrapper=true}', contextCustomizers = set[org.springframework.boot.test.context.filter.ExcludeFilterContextCustomizer@303cf2ba, org.springframework.boot.test.json.DuplicateJsonObjectContextCustomizerFactory$DuplicateJsonObjectContextCustomizer@2b30a42c, org.springframework.boot.test.mock.mockito.MockitoContextCustomizer@0, org.springframework.boot.test.web.client.TestRestTemplateContextCustomizer@4d0d9fe7, org.springframework.boot.test.autoconfigure.actuate.metrics.MetricsExportContextCustomizerFactory$DisableMetricExportContextCustomizer@5a59ca5e, org.springframework.boot.test.autoconfigure.properties.PropertyMappingContextCustomizer@0, org.springframework.boot.test.autoconfigure.web.servlet.WebDriverContextCustomizerFactory$Customizer@740fb309, org.springframework.boot.test.context.SpringBootTestArgs@1, org.springframework.boot.test.context.SpringBootTestWebEnvironment@45820e51], resourceBasePath = 'src/main/webapp', contextLoader = 'org.springframework.boot.test.context.SpringBootContextLoader', parent = [null]], attributes = map['org.springframework.test.context.web.ServletTestExecutionListener.activateListener' -> true, 'org.springframework.test.context.web.ServletTestExecutionListener.populatedRequestContextHolder' -> true, 'org.springframework.test.context.web.ServletTestExecutionListener.resetRequestContextHolder' -> true, 'org.springframework.test.context.event.ApplicationEventsTestExecutionListener.recordApplicationEvents' -> false]]
2026-05-05 21:57:21.053  INFO 19588 --- [           main] o.s.t.c.transaction.TransactionContext   : Began transaction (1) for test context [DefaultTestContext@e356940 testClass = P03EntityMapperTest, testInstance = com.powergateway.P03EntityMapperTest@27c49f54, testMethod = shardConfig_insertAndQuery@P03EntityMapperTest, testException = [null], mergedContextConfiguration = [WebMergedContextConfiguration@3c577368 testClass = P03EntityMapperTest, locations = '{}', classes = '{class com.powergateway.PowergatewayApplication}', contextInitializerClasses = '[]', activeProfiles = '{test}', propertySourceLocations = '{}', propertySourceProperties = '{org.springframework.boot.test.context.SpringBootTestContextBootstrapper=true}', contextCustomizers = set[org.springframework.boot.test.context.filter.ExcludeFilterContextCustomizer@303cf2ba, org.springframework.boot.test.json.DuplicateJsonObjectContextCustomizerFactory$DuplicateJsonObjectContextCustomizer@2b30a42c, org.springframework.boot.test.mock.mockito.MockitoContextCustomizer@0, org.springframework.boot.test.web.client.TestRestTemplateContextCustomizer@4d0d9fe7, org.springframework.boot.test.autoconfigure.actuate.metrics.MetricsExportContextCustomizerFactory$DisableMetricExportContextCustomizer@5a59ca5e, org.springframework.boot.test.autoconfigure.properties.PropertyMappingContextCustomizer@0, org.springframework.boot.test.autoconfigure.web.servlet.WebDriverContextCustomizerFactory$Customizer@740fb309, org.springframework.boot.test.context.SpringBootTestArgs@1, org.springframework.boot.test.context.SpringBootTestWebEnvironment@45820e51], resourceBasePath = 'src/main/webapp', contextLoader = 'org.springframework.boot.test.context.SpringBootContextLoader', parent = [null]], attributes = map['org.springframework.test.context.web.ServletTestExecutionListener.activateListener' -> true, 'org.springframework.test.context.web.ServletTestExecutionListener.populatedRequestContextHolder' -> true, 'org.springframework.test.context.web.ServletTestExecutionListener.resetRequestContextHolder' -> true, 'org.springframework.test.context.event.ApplicationEventsTestExecutionListener.recordApplicationEvents' -> false]]; transaction manager [org.springframework.jdbc.support.JdbcTransactionManager@4468c0ea]; rollback [true]
2026-05-05 21:57:21.057  INFO 19588 --- [           main] o.s.t.c.transaction.TransactionContext   : Rolled back transaction for test: [DefaultTestContext@e356940 testClass = P03EntityMapperTest, testInstance = com.powergateway.P03EntityMapperTest@27c49f54, testMethod = shardConfig_insertAndQuery@P03EntityMapperTest, testException = [null], mergedContextConfiguration = [WebMergedContextConfiguration@3c577368 testClass = P03EntityMapperTest, locations = '{}', classes = '{class com.powergateway.PowergatewayApplication}', contextInitializerClasses = '[]', activeProfiles = '{test}', propertySourceLocations = '{}', propertySourceProperties = '{org.springframework.boot.test.context.SpringBootTestContextBootstrapper=true}', contextCustomizers = set[org.springframework.boot.test.context.filter.ExcludeFilterContextCustomizer@303cf2ba, org.springframework.boot.test.json.DuplicateJsonObjectContextCustomizerFactory$DuplicateJsonObjectContextCustomizer@2b30a42c, org.springframework.boot.test.mock.mockito.MockitoContextCustomizer@0, org.springframework.boot.test.web.client.TestRestTemplateContextCustomizer@4d0d9fe7, org.springframework.boot.test.autoconfigure.actuate.metrics.MetricsExportContextCustomizerFactory$DisableMetricExportContextCustomizer@5a59ca5e, org.springframework.boot.test.autoconfigure.properties.PropertyMappingContextCustomizer@0, org.springframework.boot.test.autoconfigure.web.servlet.WebDriverContextCustomizerFactory$Customizer@740fb309, org.springframework.boot.test.context.SpringBootTestArgs@1, org.springframework.boot.test.context.SpringBootTestWebEnvironment@45820e51], resourceBasePath = 'src/main/webapp', contextLoader = 'org.springframework.boot.test.context.SpringBootContextLoader', parent = [null]], attributes = map['org.springframework.test.context.web.ServletTestExecutionListener.activateListener' -> true, 'org.springframework.test.context.web.ServletTestExecutionListener.populatedRequestContextHolder' -> true, 'org.springframework.test.context.web.ServletTestExecutionListener.resetRequestContextHolder' -> true, 'org.springframework.test.context.event.ApplicationEventsTestExecutionListener.recordApplicationEvents' -> false]]
2026-05-05 21:57:21.058  INFO 19588 --- [           main] o.s.t.c.transaction.TransactionContext   : Began transaction (1) for test context [DefaultTestContext@e356940 testClass = P03EntityMapperTest, testInstance = com.powergateway.P03EntityMapperTest@5ee76cf2, testMethod = dbConnection_insertAndQuery@P03EntityMapperTest, testException = [null], mergedContextConfiguration = [WebMergedContextConfiguration@3c577368 testClass = P03EntityMapperTest, locations = '{}', classes = '{class com.powergateway.PowergatewayApplication}', contextInitializerClasses = '[]', activeProfiles = '{test}', propertySourceLocations = '{}', propertySourceProperties = '{org.springframework.boot.test.context.SpringBootTestContextBootstrapper=true}', contextCustomizers = set[org.springframework.boot.test.context.filter.ExcludeFilterContextCustomizer@303cf2ba, org.springframework.boot.test.json.DuplicateJsonObjectContextCustomizerFactory$DuplicateJsonObjectContextCustomizer@2b30a42c, org.springframework.boot.test.mock.mockito.MockitoContextCustomizer@0, org.springframework.boot.test.web.client.TestRestTemplateContextCustomizer@4d0d9fe7, org.springframework.boot.test.autoconfigure.actuate.metrics.MetricsExportContextCustomizerFactory$DisableMetricExportContextCustomizer@5a59ca5e, org.springframework.boot.test.autoconfigure.properties.PropertyMappingContextCustomizer@0, org.springframework.boot.test.autoconfigure.web.servlet.WebDriverContextCustomizerFactory$Customizer@740fb309, org.springframework.boot.test.context.SpringBootTestArgs@1, org.springframework.boot.test.context.SpringBootTestWebEnvironment@45820e51], resourceBasePath = 'src/main/webapp', contextLoader = 'org.springframework.boot.test.context.SpringBootContextLoader', parent = [null]], attributes = map['org.springframework.test.context.web.ServletTestExecutionListener.activateListener' -> true, 'org.springframework.test.context.web.ServletTestExecutionListener.populatedRequestContextHolder' -> true, 'org.springframework.test.context.web.ServletTestExecutionListener.resetRequestContextHolder' -> true, 'org.springframework.test.context.event.ApplicationEventsTestExecutionListener.recordApplicationEvents' -> false]]; transaction manager [org.springframework.jdbc.support.JdbcTransactionManager@4468c0ea]; rollback [true]
2026-05-05 21:57:21.061  INFO 19588 --- [           main] o.s.t.c.transaction.TransactionContext   : Rolled back transaction for test: [DefaultTestContext@e356940 testClass = P03EntityMapperTest, testInstance = com.powergateway.P03EntityMapperTest@5ee76cf2, testMethod = dbConnection_insertAndQuery@P03EntityMapperTest, testException = [null], mergedContextConfiguration = [WebMergedContextConfiguration@3c577368 testClass = P03EntityMapperTest, locations = '{}', classes = '{class com.powergateway.PowergatewayApplication}', contextInitializerClasses = '[]', activeProfiles = '{test}', propertySourceLocations = '{}', propertySourceProperties = '{org.springframework.boot.test.context.SpringBootTestContextBootstrapper=true}', contextCustomizers = set[org.springframework.boot.test.context.filter.ExcludeFilterContextCustomizer@303cf2ba, org.springframework.boot.test.json.DuplicateJsonObjectContextCustomizerFactory$DuplicateJsonObjectContextCustomizer@2b30a42c, org.springframework.boot.test.mock.mockito.MockitoContextCustomizer@0, org.springframework.boot.test.web.client.TestRestTemplateContextCustomizer@4d0d9fe7, org.springframework.boot.test.autoconfigure.actuate.metrics.MetricsExportContextCustomizerFactory$DisableMetricExportContextCustomizer@5a59ca5e, org.springframework.boot.test.autoconfigure.properties.PropertyMappingContextCustomizer@0, org.springframework.boot.test.autoconfigure.web.servlet.WebDriverContextCustomizerFactory$Customizer@740fb309, org.springframework.boot.test.context.SpringBootTestArgs@1, org.springframework.boot.test.context.SpringBootTestWebEnvironment@45820e51], resourceBasePath = 'src/main/webapp', contextLoader = 'org.springframework.boot.test.context.SpringBootContextLoader', parent = [null]], attributes = map['org.springframework.test.context.web.ServletTestExecutionListener.activateListener' -> true, 'org.springframework.test.context.web.ServletTestExecutionListener.populatedRequestContextHolder' -> true, 'org.springframework.test.context.web.ServletTestExecutionListener.resetRequestContextHolder' -> true, 'org.springframework.test.context.event.ApplicationEventsTestExecutionListener.recordApplicationEvents' -> false]]
2026-05-05 21:57:21.063  INFO 19588 --- [           main] o.s.t.c.transaction.TransactionContext   : Began transaction (1) for test context [DefaultTestContext@e356940 testClass = P03EntityMapperTest, testInstance = com.powergateway.P03EntityMapperTest@df5f657, testMethod = interfaceConfig_insertAndStatusCheck@P03EntityMapperTest, testException = [null], mergedContextConfiguration = [WebMergedContextConfiguration@3c577368 testClass = P03EntityMapperTest, locations = '{}', classes = '{class com.powergateway.PowergatewayApplication}', contextInitializerClasses = '[]', activeProfiles = '{test}', propertySourceLocations = '{}', propertySourceProperties = '{org.springframework.boot.test.context.SpringBootTestContextBootstrapper=true}', contextCustomizers = set[org.springframework.boot.test.context.filter.ExcludeFilterContextCustomizer@303cf2ba, org.springframework.boot.test.json.DuplicateJsonObjectContextCustomizerFactory$DuplicateJsonObjectContextCustomizer@2b30a42c, org.springframework.boot.test.mock.mockito.MockitoContextCustomizer@0, org.springframework.boot.test.web.client.TestRestTemplateContextCustomizer@4d0d9fe7, org.springframework.boot.test.autoconfigure.actuate.metrics.MetricsExportContextCustomizerFactory$DisableMetricExportContextCustomizer@5a59ca5e, org.springframework.boot.test.autoconfigure.properties.PropertyMappingContextCustomizer@0, org.springframework.boot.test.autoconfigure.web.servlet.WebDriverContextCustomizerFactory$Customizer@740fb309, org.springframework.boot.test.context.SpringBootTestArgs@1, org.springframework.boot.test.context.SpringBootTestWebEnvironment@45820e51], resourceBasePath = 'src/main/webapp', contextLoader = 'org.springframework.boot.test.context.SpringBootContextLoader', parent = [null]], attributes = map['org.springframework.test.context.web.ServletTestExecutionListener.activateListener' -> true, 'org.springframework.test.context.web.ServletTestExecutionListener.populatedRequestContextHolder' -> true, 'org.springframework.test.context.web.ServletTestExecutionListener.resetRequestContextHolder' -> true, 'org.springframework.test.context.event.ApplicationEventsTestExecutionListener.recordApplicationEvents' -> false]]; transaction manager [org.springframework.jdbc.support.JdbcTransactionManager@4468c0ea]; rollback [true]
2026-05-05 21:57:21.071  INFO 19588 --- [           main] o.s.t.c.transaction.TransactionContext   : Rolled back transaction for test: [DefaultTestContext@e356940 testClass = P03EntityMapperTest, testInstance = com.powergateway.P03EntityMapperTest@df5f657, testMethod = interfaceConfig_insertAndStatusCheck@P03EntityMapperTest, testException = [null], mergedContextConfiguration = [WebMergedContextConfiguration@3c577368 testClass = P03EntityMapperTest, locations = '{}', classes = '{class com.powergateway.PowergatewayApplication}', contextInitializerClasses = '[]', activeProfiles = '{test}', propertySourceLocations = '{}', propertySourceProperties = '{org.springframework.boot.test.context.SpringBootTestContextBootstrapper=true}', contextCustomizers = set[org.springframework.boot.test.context.filter.ExcludeFilterContextCustomizer@303cf2ba, org.springframework.boot.test.json.DuplicateJsonObjectContextCustomizerFactory$DuplicateJsonObjectContextCustomizer@2b30a42c, org.springframework.boot.test.mock.mockito.MockitoContextCustomizer@0, org.springframework.boot.test.web.client.TestRestTemplateContextCustomizer@4d0d9fe7, org.springframework.boot.test.autoconfigure.actuate.metrics.MetricsExportContextCustomizerFactory$DisableMetricExportContextCustomizer@5a59ca5e, org.springframework.boot.test.autoconfigure.properties.PropertyMappingContextCustomizer@0, org.springframework.boot.test.autoconfigure.web.servlet.WebDriverContextCustomizerFactory$Customizer@740fb309, org.springframework.boot.test.context.SpringBootTestArgs@1, org.springframework.boot.test.context.SpringBootTestWebEnvironment@45820e51], resourceBasePath = 'src/main/webapp', contextLoader = 'org.springframework.boot.test.context.SpringBootContextLoader', parent = [null]], attributes = map['org.springframework.test.context.web.ServletTestExecutionListener.activateListener' -> true, 'org.springframework.test.context.web.ServletTestExecutionListener.populatedRequestContextHolder' -> true, 'org.springframework.test.context.web.ServletTestExecutionListener.resetRequestContextHolder' -> true, 'org.springframework.test.context.event.ApplicationEventsTestExecutionListener.recordApplicationEvents' -> false]]
2026-05-05 21:57:21.072  INFO 19588 --- [           main] o.s.t.c.transaction.TransactionContext   : Began transaction (1) for test context [DefaultTestContext@e356940 testClass = P03EntityMapperTest, testInstance = com.powergateway.P03EntityMapperTest@1aba8978, testMethod = sysConfig_insertAndUpdate@P03EntityMapperTest, testException = [null], mergedContextConfiguration = [WebMergedContextConfiguration@3c577368 testClass = P03EntityMapperTest, locations = '{}', classes = '{class com.powergateway.PowergatewayApplication}', contextInitializerClasses = '[]', activeProfiles = '{test}', propertySourceLocations = '{}', propertySourceProperties = '{org.springframework.boot.test.context.SpringBootTestContextBootstrapper=true}', contextCustomizers = set[org.springframework.boot.test.context.filter.ExcludeFilterContextCustomizer@303cf2ba, org.springframework.boot.test.json.DuplicateJsonObjectContextCustomizerFactory$DuplicateJsonObjectContextCustomizer@2b30a42c, org.springframework.boot.test.mock.mockito.MockitoContextCustomizer@0, org.springframework.boot.test.web.client.TestRestTemplateContextCustomizer@4d0d9fe7, org.springframework.boot.test.autoconfigure.actuate.metrics.MetricsExportContextCustomizerFactory$DisableMetricExportContextCustomizer@5a59ca5e, org.springframework.boot.test.autoconfigure.properties.PropertyMappingContextCustomizer@0, org.springframework.boot.test.autoconfigure.web.servlet.WebDriverContextCustomizerFactory$Customizer@740fb309, org.springframework.boot.test.context.SpringBootTestArgs@1, org.springframework.boot.test.context.SpringBootTestWebEnvironment@45820e51], resourceBasePath = 'src/main/webapp', contextLoader = 'org.springframework.boot.test.context.SpringBootContextLoader', parent = [null]], attributes = map['org.springframework.test.context.web.ServletTestExecutionListener.activateListener' -> true, 'org.springframework.test.context.web.ServletTestExecutionListener.populatedRequestContextHolder' -> true, 'org.springframework.test.context.web.ServletTestExecutionListener.resetRequestContextHolder' -> true, 'org.springframework.test.context.event.ApplicationEventsTestExecutionListener.recordApplicationEvents' -> false]]; transaction manager [org.springframework.jdbc.support.JdbcTransactionManager@4468c0ea]; rollback [true]
2026-05-05 21:57:21.077  INFO 19588 --- [           main] o.s.t.c.transaction.TransactionContext   : Rolled back transaction for test: [DefaultTestContext@e356940 testClass = P03EntityMapperTest, testInstance = com.powergateway.P03EntityMapperTest@1aba8978, testMethod = sysConfig_insertAndUpdate@P03EntityMapperTest, testException = [null], mergedContextConfiguration = [WebMergedContextConfiguration@3c577368 testClass = P03EntityMapperTest, locations = '{}', classes = '{class com.powergateway.PowergatewayApplication}', contextInitializerClasses = '[]', activeProfiles = '{test}', propertySourceLocations = '{}', propertySourceProperties = '{org.springframework.boot.test.context.SpringBootTestContextBootstrapper=true}', contextCustomizers = set[org.springframework.boot.test.context.filter.ExcludeFilterContextCustomizer@303cf2ba, org.springframework.boot.test.json.DuplicateJsonObjectContextCustomizerFactory$DuplicateJsonObjectContextCustomizer@2b30a42c, org.springframework.boot.test.mock.mockito.MockitoContextCustomizer@0, org.springframework.boot.test.web.client.TestRestTemplateContextCustomizer@4d0d9fe7, org.springframework.boot.test.autoconfigure.actuate.metrics.MetricsExportContextCustomizerFactory$DisableMetricExportContextCustomizer@5a59ca5e, org.springframework.boot.test.autoconfigure.properties.PropertyMappingContextCustomizer@0, org.springframework.boot.test.autoconfigure.web.servlet.WebDriverContextCustomizerFactory$Customizer@740fb309, org.springframework.boot.test.context.SpringBootTestArgs@1, org.springframework.boot.test.context.SpringBootTestWebEnvironment@45820e51], resourceBasePath = 'src/main/webapp', contextLoader = 'org.springframework.boot.test.context.SpringBootContextLoader', parent = [null]], attributes = map['org.springframework.test.context.web.ServletTestExecutionListener.activateListener' -> true, 'org.springframework.test.context.web.ServletTestExecutionListener.populatedRequestContextHolder' -> true, 'org.springframework.test.context.web.ServletTestExecutionListener.resetRequestContextHolder' -> true, 'org.springframework.test.context.event.ApplicationEventsTestExecutionListener.recordApplicationEvents' -> false]]
2026-05-05 21:57:21.079  INFO 19588 --- [           main] .b.t.c.SpringBootTestContextBootstrapper : Neither @ContextConfiguration nor @ContextHierarchy found for test class [com.powergateway.P04AuthTest], using SpringBootContextLoader
2026-05-05 21:57:21.079  INFO 19588 --- [           main] o.s.t.c.support.AbstractContextLoader    : Could not detect default resource locations for test class [com.powergateway.P04AuthTest]: no resource found for suffixes {-context.xml, Context.groovy}.
2026-05-05 21:57:21.079  INFO 19588 --- [           main] t.c.s.AnnotationConfigContextLoaderUtils : Could not detect default configuration classes for test class [com.powergateway.P04AuthTest]: P04AuthTest does not declare any static, non-private, non-final, nested classes annotated with @Configuration.
2026-05-05 21:57:21.083  INFO 19588 --- [           main] .b.t.c.SpringBootTestContextBootstrapper : Found @SpringBootConfiguration com.powergateway.PowergatewayApplication for test class com.powergateway.P04AuthTest
2026-05-05 21:57:21.085  INFO 19588 --- [           main] .b.t.c.SpringBootTestContextBootstrapper : Loaded default TestExecutionListener class names from location [META-INF/spring.factories]: [org.springframework.boot.test.mock.mockito.MockitoTestExecutionListener, org.springframework.boot.test.mock.mockito.ResetMocksTestExecutionListener, org.springframework.boot.test.autoconfigure.restdocs.RestDocsTestExecutionListener, org.springframework.boot.test.autoconfigure.web.client.MockRestServiceServerResetTestExecutionListener, org.springframework.boot.test.autoconfigure.web.servlet.MockMvcPrintOnlyOnFailureTestExecutionListener, org.springframework.boot.test.autoconfigure.web.servlet.WebDriverTestExecutionListener, org.springframework.boot.test.autoconfigure.webservices.client.MockWebServiceServerTestExecutionListener, org.springframework.test.context.web.ServletTestExecutionListener, org.springframework.test.context.support.DirtiesContextBeforeModesTestExecutionListener, org.springframework.test.context.event.ApplicationEventsTestExecutionListener, org.springframework.test.context.support.DependencyInjectionTestExecutionListener, org.springframework.test.context.support.DirtiesContextTestExecutionListener, org.springframework.test.context.transaction.TransactionalTestExecutionListener, org.springframework.test.context.jdbc.SqlScriptsTestExecutionListener, org.springframework.test.context.event.EventPublishingTestExecutionListener]
2026-05-05 21:57:21.085  INFO 19588 --- [           main] .b.t.c.SpringBootTestContextBootstrapper : Using TestExecutionListeners: [org.springframework.test.context.web.ServletTestExecutionListener@32029cd, org.springframework.test.context.support.DirtiesContextBeforeModesTestExecutionListener@48f95f96, org.springframework.test.context.event.ApplicationEventsTestExecutionListener@55bafbc1, org.springframework.boot.test.mock.mockito.MockitoTestExecutionListener@24bc06dd, org.springframework.boot.test.autoconfigure.SpringBootDependencyInjectionTestExecutionListener@26d02dc6, org.springframework.test.context.support.DirtiesContextTestExecutionListener@24d7c365, org.springframework.test.context.transaction.TransactionalTestExecutionListener@26b150cd, org.springframework.test.context.jdbc.SqlScriptsTestExecutionListener@62ff3028, org.springframework.test.context.event.EventPublishingTestExecutionListener@45e68fac, org.springframework.boot.test.mock.mockito.ResetMocksTestExecutionListener@5fb0a09e, org.springframework.boot.test.autoconfigure.restdocs.RestDocsTestExecutionListener@732bb49d, org.springframework.boot.test.autoconfigure.web.client.MockRestServiceServerResetTestExecutionListener@684eb4a0, org.springframework.boot.test.autoconfigure.web.servlet.MockMvcPrintOnlyOnFailureTestExecutionListener@19a4cdea, org.springframework.boot.test.autoconfigure.web.servlet.WebDriverTestExecutionListener@434a2a10, org.springframework.boot.test.autoconfigure.webservices.client.MockWebServiceServerTestExecutionListener@6debf1b8]
2026-05-05 21:57:21.152  WARN 19588 --- [           main] c.p.exception.GlobalExceptionHandler     : ҵ���쳣: code=401, message=�û������������
2026-05-05 21:57:21.232  WARN 19588 --- [           main] c.p.exception.GlobalExceptionHandler     : ����У��ʧ��: username: �û�������Ϊ��
2026-05-05 21:57:21.236  WARN 19588 --- [           main] c.p.exception.GlobalExceptionHandler     : ҵ���쳣: code=401, message=�û������������
2026-05-05 21:57:21.378  INFO 19588 --- [           main] .b.t.c.SpringBootTestContextBootstrapper : Neither @ContextConfiguration nor @ContextHierarchy found for test class [com.powergateway.PowergatewayApplicationTests], using SpringBootContextLoader
2026-05-05 21:57:21.380  INFO 19588 --- [           main] o.s.t.c.support.AbstractContextLoader    : Could not detect default resource locations for test class [com.powergateway.PowergatewayApplicationTests]: no resource found for suffixes {-context.xml, Context.groovy}.
2026-05-05 21:57:21.381  INFO 19588 --- [           main] t.c.s.AnnotationConfigContextLoaderUtils : Could not detect default configuration classes for test class [com.powergateway.PowergatewayApplicationTests]: PowergatewayApplicationTests does not declare any static, non-private, non-final, nested classes annotated with @Configuration.
2026-05-05 21:57:21.385  INFO 19588 --- [           main] .b.t.c.SpringBootTestContextBootstrapper : Found @SpringBootConfiguration com.powergateway.PowergatewayApplication for test class com.powergateway.PowergatewayApplicationTests
2026-05-05 21:57:21.386  INFO 19588 --- [           main] .b.t.c.SpringBootTestContextBootstrapper : Loaded default TestExecutionListener class names from location [META-INF/spring.factories]: [org.springframework.boot.test.mock.mockito.MockitoTestExecutionListener, org.springframework.boot.test.mock.mockito.ResetMocksTestExecutionListener, org.springframework.boot.test.autoconfigure.restdocs.RestDocsTestExecutionListener, org.springframework.boot.test.autoconfigure.web.client.MockRestServiceServerResetTestExecutionListener, org.springframework.boot.test.autoconfigure.web.servlet.MockMvcPrintOnlyOnFailureTestExecutionListener, org.springframework.boot.test.autoconfigure.web.servlet.WebDriverTestExecutionListener, org.springframework.boot.test.autoconfigure.webservices.client.MockWebServiceServerTestExecutionListener, org.springframework.test.context.web.ServletTestExecutionListener, org.springframework.test.context.support.DirtiesContextBeforeModesTestExecutionListener, org.springframework.test.context.event.ApplicationEventsTestExecutionListener, org.springframework.test.context.support.DependencyInjectionTestExecutionListener, org.springframework.test.context.support.DirtiesContextTestExecutionListener, org.springframework.test.context.transaction.TransactionalTestExecutionListener, org.springframework.test.context.jdbc.SqlScriptsTestExecutionListener, org.springframework.test.context.event.EventPublishingTestExecutionListener]
2026-05-05 21:57:21.386  INFO 19588 --- [           main] .b.t.c.SpringBootTestContextBootstrapper : Using TestExecutionListeners: [org.springframework.test.context.web.ServletTestExecutionListener@189f3ccd, org.springframework.test.context.support.DirtiesContextBeforeModesTestExecutionListener@2eb0932c, org.springframework.test.context.event.ApplicationEventsTestExecutionListener@82382d1, org.springframework.boot.test.mock.mockito.MockitoTestExecutionListener@6c120b00, org.springframework.boot.test.autoconfigure.SpringBootDependencyInjectionTestExecutionListener@d8a2b1b, org.springframework.test.context.support.DirtiesContextTestExecutionListener@2709e075, org.springframework.test.context.transaction.TransactionalTestExecutionListener@3328db4f, org.springframework.test.context.jdbc.SqlScriptsTestExecutionListener@4f9e9c21, org.springframework.test.context.event.EventPublishingTestExecutionListener@1390a43a, org.springframework.boot.test.mock.mockito.ResetMocksTestExecutionListener@7bf2e475, org.springframework.boot.test.autoconfigure.restdocs.RestDocsTestExecutionListener@e75bae7, org.springframework.boot.test.autoconfigure.web.client.MockRestServiceServerResetTestExecutionListener@3531509c, org.springframework.boot.test.autoconfigure.web.servlet.MockMvcPrintOnlyOnFailureTestExecutionListener@23169374, org.springframework.boot.test.autoconfigure.web.servlet.WebDriverTestExecutionListener@4f2b1a2f, org.springframework.boot.test.autoconfigure.webservices.client.MockWebServiceServerTestExecutionListener@6c2a33af]
2026-05-05 21:57:21.407  INFO 19588 --- [ionShutdownHook] c.b.d.d.DynamicRoutingDataSource         : dynamic-datasource start closing ....
2026-05-05 21:57:21.408  INFO 19588 --- [ionShutdownHook] com.zaxxer.hikari.HikariDataSource       : audit - Shutdown initiated...
2026-05-05 21:57:21.409  INFO 19588 --- [ionShutdownHook] com.zaxxer.hikari.HikariDataSource       : audit - Shutdown completed.
2026-05-05 21:57:21.409  INFO 19588 --- [ionShutdownHook] com.zaxxer.hikari.HikariDataSource       : master - Shutdown initiated...
2026-05-05 21:57:21.409  INFO 19588 --- [ionShutdownHook] com.zaxxer.hikari.HikariDataSource       : master - Shutdown completed.
2026-05-05 21:57:21.409  INFO 19588 --- [ionShutdownHook] c.b.d.d.DynamicRoutingDataSource         : dynamic-datasource all closed success,bye
2026-05-05 21:57:21.413  INFO 19588 --- [ionShutdownHook] c.b.d.d.DynamicRoutingDataSource         : dynamic-datasource start closing ....
2026-05-05 21:57:21.413  INFO 19588 --- [ionShutdownHook] com.zaxxer.hikari.HikariDataSource       : audit - Shutdown initiated...
2026-05-05 21:57:21.415  INFO 19588 --- [ionShutdownHook] com.zaxxer.hikari.HikariDataSource       : audit - Shutdown completed.
2026-05-05 21:57:21.415  INFO 19588 --- [ionShutdownHook] com.zaxxer.hikari.HikariDataSource       : master - Shutdown initiated...
2026-05-05 21:57:21.417  INFO 19588 --- [ionShutdownHook] com.zaxxer.hikari.HikariDataSource       : master - Shutdown completed.
2026-05-05 21:57:21.418  INFO 19588 --- [ionShutdownHook] c.b.d.d.DynamicRoutingDataSource         : dynamic-datasource all closed success,bye
2026-05-05 21:57:21.420  INFO 19588 --- [ionShutdownHook] c.b.d.d.DynamicRoutingDataSource         : dynamic-datasource start closing ....
2026-05-05 21:57:21.420  INFO 19588 --- [ionShutdownHook] com.zaxxer.hikari.HikariDataSource       : audit - Shutdown initiated...
2026-05-05 21:57:21.421  INFO 19588 --- [ionShutdownHook] com.zaxxer.hikari.HikariDataSource       : audit - Shutdown completed.
2026-05-05 21:57:21.421  INFO 19588 --- [ionShutdownHook] com.zaxxer.hikari.HikariDataSource       : master - Shutdown initiated...
2026-05-05 21:57:21.422  INFO 19588 --- [ionShutdownHook] com.zaxxer.hikari.HikariDataSource       : master - Shutdown completed.
2026-05-05 21:57:21.422  INFO 19588 --- [ionShutdownHook] c.b.d.d.DynamicRoutingDataSource         : dynamic-datasource all closed success,bye
